Component: ARM Compiler 5.06 update 3 (build 300) Tool: armlink [4d35c9]

==============================================================================

Section Cross References

    startup_stm32f10x_md.o(RESET) refers to startup_stm32f10x_md.o(STACK) for __initial_sp
    startup_stm32f10x_md.o(RESET) refers to startup_stm32f10x_md.o(.text) for Reset_Handler
    startup_stm32f10x_md.o(RESET) refers to stm32f10x_it.o(.text) for NMI_Handler
    startup_stm32f10x_md.o(RESET) refers to usart.o(.text) for USART1_IRQHandler
    startup_stm32f10x_md.o(.text) refers to system_stm32f10x.o(.text) for SystemInit
    startup_stm32f10x_md.o(.text) refers to entry.o(.ARM.Collect$$$$00000000) for __main
    system_stm32f10x.o(.text) refers to system_stm32f10x.o(.data) for SystemCoreClock
    stm32f10x_adc.o(.text) refers to stm32f10x_rcc.o(.text) for RCC_APB2PeriphResetCmd
    stm32f10x_bkp.o(.text) refers to stm32f10x_rcc.o(.text) for RCC_BackupResetCmd
    stm32f10x_can.o(.text) refers to stm32f10x_rcc.o(.text) for RCC_APB1PeriphResetCmd
    stm32f10x_cec.o(.text) refers to stm32f10x_rcc.o(.text) for RCC_APB1PeriphResetCmd
    stm32f10x_dac.o(.text) refers to stm32f10x_rcc.o(.text) for RCC_APB1PeriphResetCmd
    stm32f10x_gpio.o(.text) refers to stm32f10x_rcc.o(.text) for RCC_APB2PeriphResetCmd
    stm32f10x_i2c.o(.text) refers to stm32f10x_rcc.o(.text) for RCC_APB1PeriphResetCmd
    stm32f10x_pwr.o(.text) refers to stm32f10x_rcc.o(.text) for RCC_APB1PeriphResetCmd
    stm32f10x_rcc.o(.text) refers to stm32f10x_rcc.o(.data) for APBAHBPrescTable
    stm32f10x_spi.o(.text) refers to stm32f10x_rcc.o(.text) for RCC_APB2PeriphResetCmd
    stm32f10x_tim.o(.text) refers to stm32f10x_rcc.o(.text) for RCC_APB2PeriphResetCmd
    stm32f10x_usart.o(.text) refers to stm32f10x_rcc.o(.text) for RCC_APB2PeriphResetCmd
    stm32f10x_wwdg.o(.text) refers to stm32f10x_rcc.o(.text) for RCC_APB1PeriphResetCmd
    main.o(.text) refers to sys_config.o(.text) for Soft_delay_ms
    main.o(.text) refers to sx12xxeiger.o(.text) for BoardInit
    main.o(.text) refers to motor.o(.text) for motor_Init
    main.o(.text) refers to adc.o(.text) for Adc_Init
    main.o(.text) refers to key.o(.text) for KEY_Init
    main.o(.text) refers to wdg.o(.text) for IWDG_Init
    main.o(.text) refers to radio.o(.text) for RadioDriverInit
    main.o(.text) refers to delay.o(.text) for delay_init
    main.o(.text) refers to mpu6050.o(.text) for MPU_Init
    main.o(.text) refers to inv_mpu.o(.text) for mpu_dmp_init
    main.o(.text) refers to cfcmple.o(.text) for __aeabi_cfcmple
    main.o(.text) refers to cfrcmple.o(.text) for __aeabi_cfrcmple
    main.o(.text) refers to ffltui.o(.text) for __aeabi_ui2f
    main.o(.text) refers to f2d.o(.text) for __aeabi_f2d
    main.o(.text) refers to dmul.o(.text) for __aeabi_dmul
    main.o(.text) refers to d2f.o(.text) for __aeabi_d2f
    main.o(.text) refers to fmul.o(.text) for __aeabi_fmul
    main.o(.text) refers to fadd.o(.text) for __aeabi_fsub
    main.o(.text) refers to cdcmple.o(.text) for __aeabi_cdcmple
    main.o(.text) refers to main.o(.data) for Radio
    stm32f10x_it.o(.text) refers to stm32f10x_usart.o(.text) for USART_GetITStatus
    stm32f10x_it.o(.text) refers to printf8.o(i.__0printf$8) for __2printf
    stm32f10x_it.o(.text) refers to sx12xxeiger.o(.data) for TickCounter
    sys_config.o(.text) refers to stm32f10x_rcc.o(.text) for RCC_APB2PeriphClockCmd
    sys_config.o(.text) refers to stm32f10x_gpio.o(.text) for GPIO_Init
    sys_config.o(.text) refers to misc.o(.text) for NVIC_PriorityGroupConfig
    sys_config.o(.text) refers to stm32f10x_flash.o(.text) for FLASH_PrefetchBufferCmd
    sys_config.o(.text) refers to bsp_usart.o(.text) for USART1_Config
    bsp_systick.o(.text) refers to system_stm32f10x.o(.data) for SystemCoreClock
    bsp_systick.o(.text) refers to bsp_systick.o(.data) for SYSTICK_Delay_Flag
    bsp_usart.o(.text) refers to stm32f10x_rcc.o(.text) for RCC_APB2PeriphClockCmd
    bsp_usart.o(.text) refers to stm32f10x_gpio.o(.text) for GPIO_Init
    bsp_usart.o(.text) refers to misc.o(.text) for NVIC_Init
    bsp_usart.o(.text) refers to stm32f10x_usart.o(.text) for USART_Init
    bsp_usart.o(.text) refers to printf8.o(i.__0printf$8) for __2printf
    radio.o(.text) refers to sx1276.o(.text) for SX1276Init
    radio.o(.text) refers to radio.o(.bss) for RadioDriver
    sx1276.o(.text) refers to sx1276-lora.o(.text) for SX1276LoRaSetOpMode
    sx1276.o(.text) refers to sx1276-hal.o(.text) for SX1276Write
    sx1276.o(.text) refers to printf8.o(i.__0printf$8) for __2printf
    sx1276.o(.text) refers to sys_config.o(.text) for Soft_delay_ms
    sx1276.o(.text) refers to sx1276-fsk.o(.text) for SX1276FskSetOpMode
    sx1276.o(.text) refers to sx1276.o(.data) for LoRaOnState
    sx1276.o(.text) refers to sx1276-lora.o(.data) for SX1276LR
    sx1276.o(.text) refers to sx1276.o(.bss) for SX1276Regs
    sx1276.o(.text) refers to sx12xxeiger.o(.data) for TickCounter
[...]
    TxBytesSent                              0x200000a3   Data           1  sx1276-fsk.o(.data)
    RxPacketRssiValue                        0x200000a8   Data           8  sx1276-fsk.o(.data)
    RxPacketAfcValue                         0x200000b0   Data           4  sx1276-fsk.o(.data)
    RxGain                                   0x200000b4   Data           1  sx1276-fsk.o(.data)
    RxTimeoutTimer                           0x200000b8   Data           4  sx1276-fsk.o(.data)
    Preamble2SyncTimer                       0x200000bc   Data           4  sx1276-fsk.o(.data)
    TxPacketSize                             0x200000c0   Data           2  sx1276-fsk.o(.data)
    TxTimeoutTimer                           0x200000c4   Data           4  sx1276-fsk.o(.data)
    opModePrev                               0x200000c8   Data           1  sx1276-fsk.o(.data)
    antennaSwitchTxOnPrev                    0x200000c9   Data           1  sx1276-fsk.o(.data)
    .data                                    0x200000d0   Section       64  sx1276-lora.o(.data)
    RFLRState                                0x200000f0   Data           1  sx1276-lora.o(.data)
    RxPacketSize                             0x200000f2   Data           2  sx1276-lora.o(.data)
    RxPacketSnrEstimate                      0x200000f4   Data           1  sx1276-lora.o(.data)
    RxPacketRssiValue                        0x200000f8   Data           8  sx1276-lora.o(.data)
    RxGain                                   0x20000100   Data           1  sx1276-lora.o(.data)
    RxTimeoutTimer                           0x20000104   Data           4  sx1276-lora.o(.data)
    PacketTimeout                            0x20000108   Data           4  sx1276-lora.o(.data)
    TxPacketSize                             0x2000010c   Data           2  sx1276-lora.o(.data)
    opModePrev                               0x2000010e   Data           1  sx1276-lora.o(.data)
    antennaSwitchTxOnPrev                    0x2000010f   Data           1  sx1276-lora.o(.data)
    .data                                    0x20000110   Section        4  sx12xxeiger.o(.data)
    .data                                    0x20000114   Section       53  inv_mpu.o(.data)
    st                                       0x20000114   Data          44  inv_mpu.o(.data)
    gyro_orientation                         0x20000140   Data           9  inv_mpu.o(.data)
    .data                                    0x20000149   Section        1  key.o(.data)
    key_up                                   0x20000149   Data           1  key.o(.data)
    .data                                    0x2000014a   Section        4  delay.o(.data)
    fac_us                                   0x2000014a   Data           1  delay.o(.data)
    fac_ms                                   0x2000014c   Data           2  delay.o(.data)
    .data                                    0x20000150   Section        6  usart.o(.data)
    .data                                    0x20000158   Section        4  errno.o(.data)
    _errno                                   0x20000158   Data           4  errno.o(.data)
    .bss                                     0x2000015c   Section       24  radio.o(.bss)
    .bss                                     0x20000174   Section      112  sx1276.o(.bss)
    .bss                                     0x200001e4   Section      256  sx1276-fsk.o(.bss)
    RFBuffer                                 0x200001e4   Data         256  sx1276-fsk.o(.bss)
    .bss                                     0x200002e4   Section      256  sx1276-lora.o(.bss)
    RFBuffer                                 0x200002e4   Data         256  sx1276-lora.o(.bss)
    .bss                                     0x200003e4   Section       16  inv_mpu_dmp_motion_driver.o(.bss)
    dmp                                      0x200003e4   Data          16  inv_mpu_dmp_motion_driver.o(.bss)
    .bss                                     0x200003f4   Section      200  usart.o(.bss)
    STACK                                    0x200004c0   Section     1024  startup_stm32f10x_md.o(STACK)

    Global Symbols

    Symbol Name                              Value     Ov Type        Size  Object(Section)

    BuildAttributes$$THM_ISAv4$P$D$K$B$S$PE$A:L22UL41UL21$X:L11$S22US41US21$IEEE1$IW$USESV6$~STKCKD$USESV7$~SHL$OTIME$ROPI$IEEEX$EBA8$MICROLIB$REQ8$PRES8$EABIv2 0x00000000   Number         0  anon$$obj.o ABSOLUTE
    __ARM_use_no_argv                        0x00000000   Number         0  main.o ABSOLUTE
    __use_no_errno                           0x00000000   Number         0  useno.o ABSOLUTE
    __use_no_exception_handling              0x00000000   Number         0  useno.o ABSOLUTE
    __use_no_fp                              0x00000000   Number         0  useno.o ABSOLUTE
    __use_no_heap                            0x00000000   Number         0  useno.o ABSOLUTE
    __use_no_heap_region                     0x00000000   Number         0  useno.o ABSOLUTE
    __use_no_semihosting                     0x00000000   Number         0  useno.o ABSOLUTE
    __use_no_semihosting_swi                 0x00000000   Number         0  useno.o ABSOLUTE
    __use_no_signal_handling                 0x00000000   Number         0  useno.o ABSOLUTE
    _printf_a                                0x00000000   Number         0  stubs.o ABSOLUTE
    _printf_c                                0x00000000   Number         0  stubs.o ABSOLUTE
    _printf_charcount                        0x00000000   Number         0  stubs.o ABSOLUTE
    _printf_d                                0x00000000   Number         0  stubs.o ABSOLUTE
    _printf_e                                0x00000000   Number         0  stubs.o ABSOLUTE
    _printf_f                                0x00000000   Number         0  stubs.o ABSOLUTE
    _printf_flags                            0x00000000   Number         0  stubs.o ABSOLUTE
    _printf_fp_dec                           0x00000000   Number         0  stubs.o ABSOLUTE
    _printf_fp_hex                           0x00000000   Number         0  stubs.o ABSOLUTE
    _printf_g                                0x00000000   Number         0  stubs.o ABSOLUTE
    _printf_i                                0x00000000   Number         0  stubs.o ABSOLUTE
    _printf_int_dec                          0x00000000   Number         0  stubs.o ABSOLUTE
    _printf_l                                0x00000000   Number         0  stubs.o ABSOLUTE
    _printf_lc                               0x00000000   Number         0  stubs.o ABSOLUTE
    _printf_ll                               0x00000000   Number         0  stubs.o ABSOLUTE
    _printf_lld                              0x00000000   Number         0  stubs.o ABSOLUTE
    _printf_lli                              0x00000000   Number         0  stubs.o ABSOLUTE
    _printf_llo                              0x00000000   Number         0  stubs.o ABSOLUTE
    _printf_llu                              0x00000000   Number         0  stubs.o ABSOLUTE
    _printf_llx                              0x00000000   Number         0  stubs.o ABSOLUTE
    _printf_longlong_dec                     0x00000000   Number         0  stubs.o ABSOLUTE
    _printf_longlong_hex                     0x00000000   Number         0  stubs.o ABSOLUTE
    _printf_longlong_oct                     0x00000000   Number         0  stubs.o ABSOLUTE
    _printf_ls                               0x00000000   Number         0  stubs.o ABSOLUTE
    _printf_mbtowc                           0x00000000   Number         0  stubs.o ABSOLUTE
    _printf_n                                0x00000000   Number         0  stubs.o ABSOLUTE
    _printf_o                                0x00000000   Number         0  stubs.o ABSOLUTE
    _printf_p                                0x00000000   Number         0  stubs.o ABSOLUTE
    _printf_percent                          0x00000000   Number         0  stubs.o ABSOLUTE
    _printf_pre_padding                      0x00000000   Number         0  stubs.o ABSOLUTE
    _printf_return_value                     0x00000000   Number         0  stubs.o ABSOLUTE
    _printf_s                                0x00000000   Number         0  stubs.o ABSOLUTE
    _printf_sizespec                         0x00000000   Number         0  stubs.o ABSOLUTE
    _printf_str                              0x00000000   Number         0  stubs.o ABSOLUTE
    _printf_truncate_signed                  0x00000000   Number         0  stubs.o ABSOLUTE
    _printf_truncate_unsigned                0x00000000   Number         0  stubs.o ABSOLUTE
    _printf_u                                0x00000000   Number         0  stubs.o ABSOLUTE
    _printf_wc                               0x00000000   Number         0  stubs.o ABSOLUTE
    _printf_wctomb                           0x00000000   Number         0  stubs.o ABSOLUTE
    _printf_widthprec                        0x00000000   Number         0  stubs.o ABSOLUTE
    _printf_x                                0x00000000   Number         0  stubs.o ABSOLUTE
    __cpp_initialize__aeabi_                  - Undefined Weak Reference
    __cxa_finalize                            - Undefined Weak Reference
    _clock_init                               - Undefined Weak Reference
    _microlib_exit                            - Undefined Weak Reference
    __Vectors_Size                           0x000000ec   Number         0  startup_stm32f10x_md.o ABSOLUTE
    __Vectors                                0x08000000   Data           4  startup_stm32f10x_md.o(RESET)
    __Vectors_End                            0x080000ec   Data           0  startup_stm32f10x_md.o(RESET)
    __main                                   0x080000ed   Thumb Code     0  entry.o(.ARM.Collect$$$$00000000)
    _main_stk                                0x080000ed   Thumb Code     0  entry2.o(.ARM.Collect$$$$00000001)
    _main_scatterload                        0x080000f1   Thumb Code     0  entry5.o(.ARM.Collect$$$$00000004)
    __main_after_scatterload                 0x080000f5   Thumb Code     0  entry5.o(.ARM.Collect$$$$00000004)
    _main_clock                              0x080000f5   Thumb Code     0  entry7b.o(.ARM.Collect$$$$00000008)
    _main_cpp_init                           0x080000f5   Thumb Code     0  entry8b.o(.ARM.Collect$$$$0000000A)
    _main_init                               0x080000f5   Thumb Code     0  entry9a.o(.ARM.Collect$$$$0000000B)
    __rt_final_cpp                           0x080000fd   Thumb Code     0  entry10a.o(.ARM.Collect$$$$0000000D)
    __rt_final_exit                          0x080000fd   Thumb Code     0  entry11a.o(.ARM.Collect$$$$0000000F)
    Reset_Handler                            0x08000101   Thumb Code     8  startup_stm32f10x_md.o(.text)
    ADC1_2_IRQHandler                        0x0800011b   Thumb Code     0  startup_stm32f10x_md.o(.text)
    CAN1_RX1_IRQHandler                      0x0800011b   Thumb Code     0  startup_stm32f10x_md.o(.text)
    CAN1_SCE_IRQHandler                      0x0800011b   Thumb Code     0  startup_stm32f10x_md.o(.text)
    DMA1_Channel1_IRQHandler                 0x0800011b   Thumb Code     0  startup_stm32f10x_md.o(.text)
    DMA1_Channel2_IRQHandler                 0x0800011b   Thumb Code     0  startup_stm32f10x_md.o(.text)
    DMA1_Channel3_IRQHandler                 0x0800011b   Thumb Code     0  startup_stm32f10x_md.o(.text)
    DMA1_Channel4_IRQHandler                 0x0800011b   Thumb Code     0  startup_stm32f10x_md.o(.text)
    DMA1_Channel5_IRQHandler                 0x0800011b   Thumb Code     0  startup_stm32f10x_md.o(.text)
    DMA1_Channel6_IRQHandler                 0x0800011b   Thumb Code     0  startup_stm32f10x_md.o(.text)
    DMA1_Channel7_IRQHandler                 0x0800011b   Thumb Code     0  startup_stm32f10x_md.o(.text)
    EXTI0_IRQHandler                         0x0800011b   Thumb Code     0  startup_stm32f10x_md.o(.text)
    EXTI15_10_IRQHandler                     0x0800011b   Thumb Code     0  startup_stm32f10x_md.o(.text)
    EXTI1_IRQHandler                         0x0800011b   Thumb Code     0  startup_stm32f10x_md.o(.text)
    EXTI2_IRQHandler                         0x0800011b   Thumb Code     0  startup_stm32f10x_md.o(.text)
    EXTI3_IRQHandler                         0x0800011b   Thumb Code     0  startup_stm32f10x_md.o(.text)
    EXTI4_IRQHandler                         0x0800011b   Thumb Code     0  startup_stm32f10x_md.o(.text)
    EXTI9_5_IRQHandler                       0x0800011b   Thumb Code     0  startup_stm32f10x_md.o(.text)
    FLASH_IRQHandler                         0x0800011b   Thumb Code     0  startup_stm32f10x_md.o(.text)
    I2C1_ER_IRQHandler                       0x0800011b   Thumb Code     0  startup_stm32f10x_md.o(.text)
    I2C1_EV_IRQHandler                       0x0800011b   Thumb Code     0  startup_stm32f10x_md.o(.text)
    I2C2_ER_IRQHandler                       0x0800011b   Thumb Code     0  startup_stm32f10x_md.o(.text)
    I2C2_EV_IRQHandler                       0x0800011b   Thumb Code     0  startup_stm32f10x_md.o(.text)
    PVD_IRQHandler                           0x0800011b   Thumb Code     0  startup_stm32f10x_md.o(.text)
    RCC_IRQHandler                           0x0800011b   Thumb Code     0  startup_stm32f10x_md.o(.text)
    RTCAlarm_IRQHandler                      0x0800011b   Thumb Code     0  startup_stm32f10x_md.o(.text)
    RTC_IRQHandler                           0x0800011b   Thumb Code     0  startup_stm32f10x_md.o(.text)
    SPI1_IRQHandler                          0x0800011b   Thumb Code     0  startup_stm32f10x_md.o(.text)
    SPI2_IRQHandler                          0x0800011b   Thumb Code     0  startup_stm32f10x_md.o(.text)
    TAMPER_IRQHandler                        0x0800011b   Thumb Code     0  startup_stm32f10x_md.o(.text)
    TIM1_BRK_IRQHandler                      0x0800011b   Thumb Code     0  startup_stm32f10x_md.o(.text)
    TIM1_CC_IRQHandler                       0x0800011b   Thumb Code     0  startup_stm32f10x_md.o(.text)
    TIM1_TRG_COM_IRQHandler                  0x0800011b   Thumb Code     0  startup_stm32f10x_md.o(.text)
    TIM1_UP_IRQHandler                       0x0800011b   Thumb Code     0  startup_stm32f10x_md.o(.text)
    TIM2_IRQHandler                          0x0800011b   Thumb Code     0  startup_stm32f10x_md.o(.text)
    TIM3_IRQHandler                          0x0800011b   Thumb Code     0  startup_stm32f10x_md.o(.text)
    TIM4_IRQHandler                          0x0800011b   Thumb Code     0  startup_stm32f10x_md.o(.text)
    USART3_IRQHandler                        0x0800011b   Thumb Code     0  startup_stm32f10x_md.o(.text)
    USBWakeUp_IRQHandler                     0x0800011b   Thumb Code     0  startup_stm32f10x_md.o(.text)
    USB_HP_CAN1_TX_IRQHandler                0x0800011b   Thumb Code     0  startup_stm32f10x_md.o(.text)
    USB_LP_CAN1_RX0_IRQHandler               0x0800011b   Thumb Code     0  startup_stm32f10x_md.o(.text)
    WWDG_IRQHandler                          0x0800011b   Thumb Code     0  startup_stm32f10x_md.o(.text)
    SystemInit                               0x08000203   Thumb Code    78  system_stm32f10x.o(.text)
    SystemCoreClockUpdate                    0x08000251   Thumb Code   142  system_stm32f10x.o(.text)
    NVIC_PriorityGroupConfig                 0x08000305   Thumb Code    10  misc.o(.text)
    NVIC_Init                                0x0800030f   Thumb Code   100  misc.o(.text)
    NVIC_SetVectorTable                      0x08000373   Thumb Code    14  misc.o(.text)
    NVIC_SystemLPConfig                      0x08000381   Thumb Code    34  misc.o(.text)
    SysTick_CLKSourceConfig                  0x080003a3   Thumb Code    40  misc.o(.text)
    ADC_DeInit                               0x080003e1   Thumb Code    78  stm32f10x_adc.o(.text)
    ADC_Init                                 0x0800042f   Thumb Code    70  stm32f10x_adc.o(.text)
    ADC_StructInit                           0x08000475   Thumb Code    18  stm32f10x_adc.o(.text)
    ADC_Cmd                                  0x08000487   Thumb Code    22  stm32f10x_adc.o(.text)
    ADC_DMACmd                               0x0800049d   Thumb Code    22  stm32f10x_adc.o(.text)
    ADC_ITConfig                             0x080004b3   Thumb Code    24  stm32f10x_adc.o(.text)
    ADC_ResetCalibration                     0x080004cb   Thumb Code    10  stm32f10x_adc.o(.text)
    ADC_GetResetCalibrationStatus            0x080004d5   Thumb Code    20  stm32f10x_adc.o(.text)
    ADC_StartCalibration                     0x080004e9   Thumb Code    10  stm32f10x_adc.o(.text)
    ADC_GetCalibrationStatus                 0x080004f3   Thumb Code    20  stm32f10x_adc.o(.text)
    ADC_SoftwareStartConvCmd                 0x08000507   Thumb Code    22  stm32f10x_adc.o(.text)
    ADC_GetSoftwareStartConvStatus           0x0800051d   Thumb Code    20  stm32f10x_adc.o(.text)
    ADC_DiscModeChannelCountConfig           0x08000531   Thumb Code    24  stm32f10x_adc.o(.text)
    ADC_DiscModeCmd                          0x08000549   Thumb Code    22  stm32f10x_adc.o(.text)
    ADC_RegularChannelConfig                 0x0800055f   Thumb Code   184  stm32f10x_adc.o(.text)
    ADC_ExternalTrigConvCmd                  0x08000617   Thumb Code    22  stm32f10x_adc.o(.text)
    ADC_GetConversionValue                   0x0800062d   Thumb Code     8  stm32f10x_adc.o(.text)
    ADC_GetDualModeConversionValue           0x08000635   Thumb Code     8  stm32f10x_adc.o(.text)
    ADC_AutoInjectedConvCmd                  0x0800063d   Thumb Code    22  stm32f10x_adc.o(.text)
    ADC_InjectedDiscModeCmd                  0x08000653   Thumb Code    22  stm32f10x_adc.o(.text)
    ADC_ExternalTrigInjectedConvConfig       0x08000669   Thumb Code    16  stm32f10x_adc.o(.text)
    ADC_ExternalTrigInjectedConvCmd          0x08000679   Thumb Code    22  stm32f10x_adc.o(.text)
    ADC_SoftwareStartInjectedConvCmd         0x0800068f   Thumb Code    22  stm32f10x_adc.o(.text)
    ADC_GetSoftwareStartInjectedConvCmdStatus 0x080006a5   Thumb Code    20  stm32f10x_adc.o(.text)
    ADC_InjectedChannelConfig                0x080006b9   Thumb Code   130  stm32f10x_adc.o(.text)
    ADC_InjectedSequencerLengthConfig        0x0800073b   Thumb Code    24  stm32f10x_adc.o(.text)
    ADC_SetInjectedOffset                    0x08000753   Thumb Code    20  stm32f10x_adc.o(.text)
    ADC_GetInjectedConversionValue           0x08000767   Thumb Code    28  stm32f10x_adc.o(.text)
    ADC_AnalogWatchdogCmd                    0x08000783   Thumb Code    16  stm32f10x_adc.o(.text)
    ADC_AnalogWatchdogThresholdsConfig       0x08000793   Thumb Code     6  stm32f10x_adc.o(.text)
    ADC_AnalogWatchdogSingleChannelConfig    0x08000799   Thumb Code    16  stm32f10x_adc.o(.text)
    ADC_TempSensorVrefintCmd                 0x080007a9   Thumb Code    64  stm32f10x_adc.o(.text)
    ADC_GetFlagStatus                        0x080007e9   Thumb Code    18  stm32f10x_adc.o(.text)
    ADC_ClearFlag                            0x080007fb   Thumb Code     6  stm32f10x_adc.o(.text)
    ADC_GetITStatus                          0x08000801   Thumb Code    36  stm32f10x_adc.o(.text)
    ADC_ClearITPendingBit                    0x08000825   Thumb Code    10  stm32f10x_adc.o(.text)
    FLASH_SetLatency                         0x08000831   Thumb Code    18  stm32f10x_flash.o(.text)
    FLASH_HalfCycleAccessCmd                 0x08000843   Thumb Code    22  stm32f10x_flash.o(.text)
    FLASH_PrefetchBufferCmd                  0x08000859   Thumb Code    22  stm32f10x_flash.o(.text)
    FLASH_Unlock                             0x0800086f   Thumb Code    12  stm32f10x_flash.o(.text)
    FLASH_UnlockBank1                        0x0800087b   Thumb Code    12  stm32f10x_flash.o(.text)
    FLASH_Lock                               0x08000887   Thumb Code    14  stm32f10x_flash.o(.text)
    FLASH_LockBank1                          0x08000895   Thumb Code    14  stm32f10x_flash.o(.text)
    FLASH_GetBank1Status                     0x080008a3   Thumb Code    48  stm32f10x_flash.o(.text)
    FLASH_WaitForLastOperation               0x080008d3   Thumb Code    38  stm32f10x_flash.o(.text)
    FLASH_ErasePage                          0x080008f9   Thumb Code    72  stm32f10x_flash.o(.text)
    FLASH_EraseAllPages                      0x08000941   Thumb Code    68  stm32f10x_flash.o(.text)
    FLASH_WaitForLastBank1Operation          0x08000985   Thumb Code    38  stm32f10x_flash.o(.text)
    FLASH_EraseAllBank1Pages                 0x080009ab   Thumb Code    68  stm32f10x_flash.o(.text)
    FLASH_GetReadOutProtectionStatus         0x080009ef   Thumb Code    20  stm32f10x_flash.o(.text)
    FLASH_EraseOptionBytes                   0x08000a03   Thumb Code   150  stm32f10x_flash.o(.text)
    FLASH_ProgramWord                        0x08000a99   Thumb Code   102  stm32f10x_flash.o(.text)
    FLASH_ProgramHalfWord                    0x08000aff   Thumb Code    60  stm32f10x_flash.o(.text)
    FLASH_ProgramOptionByteData              0x08000b3b   Thumb Code    72  stm32f10x_flash.o(.text)
    FLASH_EnableWriteProtection              0x08000b83   Thumb Code   200  stm32f10x_flash.o(.text)
    FLASH_ReadOutProtection                  0x08000c4b   Thumb Code   156  stm32f10x_flash.o(.text)
    FLASH_UserOptionByteConfig               0x08000ce7   Thumb Code    88  stm32f10x_flash.o(.text)
    FLASH_GetUserOptionByte                  0x08000d3f   Thumb Code     8  stm32f10x_flash.o(.text)
    FLASH_GetWriteProtectionOptionByte       0x08000d47   Thumb Code     6  stm32f10x_flash.o(.text)
    FLASH_GetPrefetchBufferStatus            0x08000d4d   Thumb Code    20  stm32f10x_flash.o(.text)
    FLASH_ITConfig                           0x08000d61   Thumb Code    26  stm32f10x_flash.o(.text)
    FLASH_GetFlagStatus                      0x08000d7b   Thumb Code    42  stm32f10x_flash.o(.text)
    FLASH_ClearFlag                          0x08000da5   Thumb Code     6  stm32f10x_flash.o(.text)
    FLASH_GetStatus                          0x08000dab   Thumb Code    48  stm32f10x_flash.o(.text)
    GPIO_DeInit                              0x08000ded   Thumb Code   172  stm32f10x_gpio.o(.text)
    GPIO_AFIODeInit                          0x08000e99   Thumb Code    20  stm32f10x_gpio.o(.text)
    GPIO_Init                                0x08000ead   Thumb Code   278  stm32f10x_gpio.o(.text)
    GPIO_StructInit                          0x08000fc3   Thumb Code    16  stm32f10x_gpio.o(.text)
    GPIO_ReadInputDataBit                    0x08000fd3   Thumb Code    18  stm32f10x_gpio.o(.text)
    GPIO_ReadInputData                       0x08000fe5   Thumb Code     8  stm32f10x_gpio.o(.text)
    GPIO_ReadOutputDataBit                   0x08000fed   Thumb Code    18  stm32f10x_gpio.o(.text)
    GPIO_ReadOutputData                      0x08000fff   Thumb Code     8  stm32f10x_gpio.o(.text)
    GPIO_SetBits                             0x08001007   Thumb Code     4  stm32f10x_gpio.o(.text)
    GPIO_ResetBits                           0x0800100b   Thumb Code     4  stm32f10x_gpio.o(.text)
    GPIO_WriteBit                            0x0800100f   Thumb Code    10  stm32f10x_gpio.o(.text)
    GPIO_Write                               0x08001019   Thumb Code     4  stm32f10x_gpio.o(.text)
    GPIO_PinLockConfig                       0x0800101d   Thumb Code    18  stm32f10x_gpio.o(.text)
    GPIO_EventOutputConfig                   0x0800102f   Thumb Code    26  stm32f10x_gpio.o(.text)
    GPIO_EventOutputCmd                      0x08001049   Thumb Code     6  stm32f10x_gpio.o(.text)
    GPIO_PinRemapConfig                      0x0800104f   Thumb Code   138  stm32f10x_gpio.o(.text)
    GPIO_EXTILineConfig                      0x080010d9   Thumb Code    66  stm32f10x_gpio.o(.text)
    GPIO_ETH_MediaInterfaceConfig            0x0800111b   Thumb Code     8  stm32f10x_gpio.o(.text)
    IWDG_WriteAccessCmd                      0x08001149   Thumb Code     6  stm32f10x_iwdg.o(.text)
    IWDG_SetPrescaler                        0x0800114f   Thumb Code     6  stm32f10x_iwdg.o(.text)
    IWDG_SetReload                           0x08001155   Thumb Code     6  stm32f10x_iwdg.o(.text)
    IWDG_ReloadCounter                       0x0800115b   Thumb Code    10  stm32f10x_iwdg.o(.text)
    IWDG_Enable                              0x08001165   Thumb Code    10  stm32f10x_iwdg.o(.text)
    IWDG_GetFlagStatus                       0x0800116f   Thumb Code    20  stm32f10x_iwdg.o(.text)
    RCC_DeInit                               0x08001189   Thumb Code    64  stm32f10x_rcc.o(.text)
    RCC_HSEConfig                            0x080011c9   Thumb Code    70  stm32f10x_rcc.o(.text)
    RCC_GetFlagStatus                        0x0800120f   Thumb Code    56  stm32f10x_rcc.o(.text)
    RCC_WaitForHSEStartUp                    0x08001247   Thumb Code    56  stm32f10x_rcc.o(.text)
    RCC_AdjustHSICalibrationValue            0x0800127f   Thumb Code    20  stm32f10x_rcc.o(.text)
    RCC_HSICmd                               0x08001293   Thumb Code     6  stm32f10x_rcc.o(.text)
    RCC_PLLConfig                            0x08001299   Thumb Code    24  stm32f10x_rcc.o(.text)
    RCC_PLLCmd                               0x080012b1   Thumb Code     6  stm32f10x_rcc.o(.text)
    RCC_SYSCLKConfig                         0x080012b7   Thumb Code    18  stm32f10x_rcc.o(.text)
    RCC_GetSYSCLKSource                      0x080012c9   Thumb Code    10  stm32f10x_rcc.o(.text)
    RCC_HCLKConfig                           0x080012d3   Thumb Code    18  stm32f10x_rcc.o(.text)
    RCC_PCLK1Config                          0x080012e5   Thumb Code    18  stm32f10x_rcc.o(.text)
    RCC_PCLK2Config                          0x080012f7   Thumb Code    20  stm32f10x_rcc.o(.text)
    RCC_ITConfig                             0x0800130b   Thumb Code    26  stm32f10x_rcc.o(.text)
    RCC_USBCLKConfig                         0x08001325   Thumb Code     8  stm32f10x_rcc.o(.text)
    RCC_ADCCLKConfig                         0x0800132d   Thumb Code    18  stm32f10x_rcc.o(.text)
    RCC_LSEConfig                            0x0800133f   Thumb Code    50  stm32f10x_rcc.o(.text)
    RCC_LSICmd                               0x08001371   Thumb Code     6  stm32f10x_rcc.o(.text)
    RCC_RTCCLKConfig                         0x08001377   Thumb Code    12  stm32f10x_rcc.o(.text)
    RCC_RTCCLKCmd                            0x08001383   Thumb Code     8  stm32f10x_rcc.o(.text)
    RCC_GetClocksFreq                        0x0800138b   Thumb Code   192  stm32f10x_rcc.o(.text)
    RCC_AHBPeriphClockCmd                    0x0800144b   Thumb Code    26  stm32f10x_rcc.o(.text)
    RCC_APB2PeriphClockCmd                   0x08001465   Thumb Code    26  stm32f10x_rcc.o(.text)
    RCC_APB1PeriphClockCmd                   0x0800147f   Thumb Code    26  stm32f10x_rcc.o(.text)
    RCC_APB2PeriphResetCmd                   0x08001499   Thumb Code    26  stm32f10x_rcc.o(.text)
    RCC_APB1PeriphResetCmd                   0x080014b3   Thumb Code    26  stm32f10x_rcc.o(.text)
    RCC_BackupResetCmd                       0x080014cd   Thumb Code     8  stm32f10x_rcc.o(.text)
    RCC_ClockSecuritySystemCmd               0x080014d5   Thumb Code     6  stm32f10x_rcc.o(.text)
    RCC_MCOConfig                            0x080014db   Thumb Code     6  stm32f10x_rcc.o(.text)
    RCC_ClearFlag                            0x080014e1   Thumb Code    14  stm32f10x_rcc.o(.text)
    RCC_GetITStatus                          0x080014ef   Thumb Code    20  stm32f10x_rcc.o(.text)
    RCC_ClearITPendingBit                    0x08001503   Thumb Code     6  stm32f10x_rcc.o(.text)
    SPI_I2S_DeInit                           0x0800152d   Thumb Code    76  stm32f10x_spi.o(.text)
    SPI_Init                                 0x08001579   Thumb Code    60  stm32f10x_spi.o(.text)
    I2S_Init                                 0x080015b5   Thumb Code   226  stm32f10x_spi.o(.text)
    SPI_StructInit                           0x08001697   Thumb Code    24  stm32f10x_spi.o(.text)
    I2S_StructInit                           0x080016af   Thumb Code    20  stm32f10x_spi.o(.text)
    SPI_Cmd                                  0x080016c3   Thumb Code    24  stm32f10x_spi.o(.text)
    I2S_Cmd                                  0x080016db   Thumb Code    24  stm32f10x_spi.o(.text)
    SPI_I2S_ITConfig                         0x080016f3   Thumb Code    32  stm32f10x_spi.o(.text)
    SPI_I2S_DMACmd                           0x08001713   Thumb Code    18  stm32f10x_spi.o(.text)
    SPI_I2S_SendData                         0x08001725   Thumb Code     4  stm32f10x_spi.o(.text)
    SPI_I2S_ReceiveData                      0x08001729   Thumb Code     6  stm32f10x_spi.o(.text)
    SPI_NSSInternalSoftwareConfig            0x0800172f   Thumb Code    30  stm32f10x_spi.o(.text)
    SPI_SSOutputCmd                          0x0800174d   Thumb Code    24  stm32f10x_spi.o(.text)
    SPI_DataSizeConfig                       0x08001765   Thumb Code    18  stm32f10x_spi.o(.text)
    SPI_TransmitCRC                          0x08001777   Thumb Code    10  stm32f10x_spi.o(.text)
    SPI_CalculateCRC                         0x08001781   Thumb Code    24  stm32f10x_spi.o(.text)
    SPI_GetCRC                               0x08001799   Thumb Code    16  stm32f10x_spi.o(.text)
    SPI_GetCRCPolynomial                     0x080017a9   Thumb Code     6  stm32f10x_spi.o(.text)
    SPI_BiDirectionalLineConfig              0x080017af   Thumb Code    28  stm32f10x_spi.o(.text)
    SPI_I2S_GetFlagStatus                    0x080017cb   Thumb Code    18  stm32f10x_spi.o(.text)
    SPI_I2S_ClearFlag                        0x080017dd   Thumb Code     6  stm32f10x_spi.o(.text)
    SPI_I2S_GetITStatus                      0x080017e3   Thumb Code    52  stm32f10x_spi.o(.text)
    SPI_I2S_ClearITPendingBit                0x08001817   Thumb Code    20  stm32f10x_spi.o(.text)
    USART_DeInit                             0x08001839   Thumb Code   134  stm32f10x_usart.o(.text)
    USART_Init                               0x080018bf   Thumb Code   210  stm32f10x_usart.o(.text)
    USART_StructInit                         0x08001991   Thumb Code    24  stm32f10x_usart.o(.text)
    USART_ClockInit                          0x080019a9   Thumb Code    34  stm32f10x_usart.o(.text)
    USART_ClockStructInit                    0x080019cb   Thumb Code    12  stm32f10x_usart.o(.text)
    USART_Cmd                                0x080019d7   Thumb Code    24  stm32f10x_usart.o(.text)
    USART_ITConfig                           0x080019ef   Thumb Code    74  stm32f10x_usart.o(.text)
    USART_DMACmd                             0x08001a39   Thumb Code    18  stm32f10x_usart.o(.text)
    USART_SetAddress                         0x08001a4b   Thumb Code    18  stm32f10x_usart.o(.text)
    USART_WakeUpConfig                       0x08001a5d   Thumb Code    18  stm32f10x_usart.o(.text)
    USART_ReceiverWakeUpCmd                  0x08001a6f   Thumb Code    24  stm32f10x_usart.o(.text)
    USART_LINBreakDetectLengthConfig         0x08001a87   Thumb Code    18  stm32f10x_usart.o(.text)
    USART_LINCmd                             0x08001a99   Thumb Code    24  stm32f10x_usart.o(.text)
    USART_SendData                           0x08001ab1   Thumb Code     8  stm32f10x_usart.o(.text)
    USART_ReceiveData                        0x08001ab9   Thumb Code    10  stm32f10x_usart.o(.text)
    USART_SendBreak                          0x08001ac3   Thumb Code    10  stm32f10x_usart.o(.text)
    USART_SetGuardTime                       0x08001acd   Thumb Code    16  stm32f10x_usart.o(.text)
    USART_SetPrescaler                       0x08001add   Thumb Code    16  stm32f10x_usart.o(.text)
    USART_SmartCardCmd                       0x08001aed   Thumb Code    24  stm32f10x_usart.o(.text)
    USART_SmartCardNACKCmd                   0x08001b05   Thumb Code    24  stm32f10x_usart.o(.text)
    USART_HalfDuplexCmd                      0x08001b1d   Thumb Code    24  stm32f10x_usart.o(.text)
    USART_OverSampling8Cmd                   0x08001b35   Thumb Code    22  stm32f10x_usart.o(.text)
    USART_OneBitMethodCmd                    0x08001b4b   Thumb Code    24  stm32f10x_usart.o(.text)
    USART_IrDAConfig                         0x08001b63   Thumb Code    18  stm32f10x_usart.o(.text)
    USART_IrDACmd                            0x08001b75   Thumb Code    24  stm32f10x_usart.o(.text)
    USART_GetFlagStatus                      0x08001b8d   Thumb Code    26  stm32f10x_usart.o(.text)
    USART_ClearFlag                          0x08001ba7   Thumb Code    18  stm32f10x_usart.o(.text)
    USART_GetITStatus                        0x08001bb9   Thumb Code    84  stm32f10x_usart.o(.text)
    USART_ClearITPendingBit                  0x08001c0d   Thumb Code    52  stm32f10x_usart.o(.text)
    main                                     0x08001c41   Thumb Code   804  main.o(.text)
    HardFault_Handler_C                      0x08001fed   Thumb Code     4  stm32f10x_it.o(.text)
    NMI_Handler                              0x08001ff1   Thumb Code     2  stm32f10x_it.o(.text)
    HardFault_Handler                        0x08001ff3   Thumb Code     4  stm32f10x_it.o(.text)
    MemManage_Handler                        0x08001ff7   Thumb Code     4  stm32f10x_it.o(.text)
    BusFault_Handler                         0x08001ffb   Thumb Code     4  stm32f10x_it.o(.text)
    UsageFault_Handler                       0x08001fff   Thumb Code     4  stm32f10x_it.o(.text)
    SVC_Handler                              0x08002003   Thumb Code     2  stm32f10x_it.o(.text)
    DebugMon_Handler                         0x08002005   Thumb Code     2  stm32f10x_it.o(.text)
    PendSV_Handler                           0x08002007   Thumb Code     2  stm32f10x_it.o(.text)
    SysTick_Handler                          0x08002009   Thumb Code    12  stm32f10x_it.o(.text)
    USART2_IRQHandler                        0x08002015   Thumb Code    32  stm32f10x_it.o(.text)
    GPIO_Configuration                       0x08002041   Thumb Code    88  sys_config.o(.text)
    NVIC_Configuration                       0x08002099   Thumb Code    12  sys_config.o(.text)
    RCC_Configuration                        0x080020a5   Thumb Code   100  sys_config.o(.text)
    sys_Configuration                        0x08002109   Thumb Code    36  sys_config.o(.text)
    GPIO_PinReverse                          0x0800212d   Thumb Code     8  sys_config.o(.text)
    Soft_delay_us                            0x08002135   Thumb Code    34  sys_config.o(.text)
    Soft_delay_ms                            0x08002157   Thumb Code    32  sys_config.o(.text)
    USART1_Config                            0x08002181   Thumb Code   160  bsp_usart.o(.text)
    USART2_Config                            0x08002221   Thumb Code   162  bsp_usart.o(.text)
    UART1_Send_char                          0x080022c3   Thumb Code    44  bsp_usart.o(.text)
    UsartSend                                0x080022ef   Thumb Code    26  bsp_usart.o(.text)
    PrintChar                                0x08002309   Thumb Code    24  bsp_usart.o(.text)
    USART_putchar                            0x08002321   Thumb Code    44  bsp_usart.o(.text)
    fgetc                                    0x0800234d   Thumb Code    26  bsp_usart.o(.text)
    RadioDriverInit                          0x080023a5   Thumb Code    30  radio.o(.text)
    SX1276SetLoRaOn                          0x080023e1   Thumb Code   170  sx1276.o(.text)
    SX1276Reset                              0x0800248b   Thumb Code    46  sx1276.o(.text)
    SX1276Init                               0x080024b9   Thumb Code    72  sx1276.o(.text)
    SX1276GetLoRaOn                          0x08002501   Thumb Code     6  sx1276.o(.text)
    SX1276SetOpMode                          0x08002507   Thumb Code    26  sx1276.o(.text)
    SX1276GetOpMode                          0x08002521   Thumb Code    20  sx1276.o(.text)
    SX1276ReadRssi                           0x08002535   Thumb Code    20  sx1276.o(.text)
    SX1276ReadRxGain                         0x08002549   Thumb Code    20  sx1276.o(.text)
    SX1276GetPacketRxGain                    0x0800255d   Thumb Code    20  sx1276.o(.text)
    SX1276GetPacketSnr                       0x08002571   Thumb Code    18  sx1276.o(.text)
    SX1276GetPacketRssi                      0x08002583   Thumb Code    20  sx1276.o(.text)
    SX1276GetPacketAfc                       0x08002597   Thumb Code    18  sx1276.o(.text)
    SX1276StartRx                            0x080025a9   Thumb Code    24  sx1276.o(.text)
    SX1276GetRxPacket                        0x080025c1   Thumb Code    32  sx1276.o(.text)
    SX1276SetTxPacket                        0x080025e1   Thumb Code    32  sx1276.o(.text)
    SX1276GetRFState                         0x08002601   Thumb Code    20  sx1276.o(.text)
    SX1276SetRFState                         0x08002615   Thumb Code    26  sx1276.o(.text)
    SX1276Process                            0x0800262f   Thumb Code    20  sx1276.o(.text)
    SX1276FskSetOpMode                       0x0800266d   Thumb Code    88  sx1276-fsk.o(.text)
    SX1276FskSetDefaults                     0x080026c5   Thumb Code    16  sx1276-fsk.o(.text)
    SX1276FskInit                            0x080026d5   Thumb Code   366  sx1276-fsk.o(.text)
    SX1276FskGetOpMode                       0x08002843   Thumb Code    26  sx1276-fsk.o(.text)
    SX1276FskReadFei                         0x0800285d   Thumb Code    70  sx1276-fsk.o(.text)
    SX1276FskReadAfc                         0x080028a3   Thumb Code    70  sx1276-fsk.o(.text)
    SX1276FskReadRxGain                      0x080028e9   Thumb Code    24  sx1276-fsk.o(.text)
    SX1276FskReadRssi                        0x08002901   Thumb Code    42  sx1276-fsk.o(.text)
    SX1276FskGetPacketRxGain                 0x0800292b   Thumb Code     6  sx1276-fsk.o(.text)
    SX1276FskGetPacketRssi                   0x08002931   Thumb Code     6  sx1276-fsk.o(.text)
    SX1276FskGetPacketAfc                    0x08002937   Thumb Code     6  sx1276-fsk.o(.text)
    SX1276FskSetRFState                      0x0800293d   Thumb Code     6  sx1276-fsk.o(.text)
    SX1276FskStartRx                         0x08002943   Thumb Code    10  sx1276-fsk.o(.text)
    SX1276FskGetRxPacket                     0x0800294d   Thumb Code    30  sx1276-fsk.o(.text)
    SX1276FskSetTxPacket                     0x0800296b   Thumb Code    28  sx1276-fsk.o(.text)
    SX1276FskGetPacketPayloadSize            0x08002987   Thumb Code    92  sx1276-fsk.o(.text)
    SX1276FskGetPacketHeaderSize             0x080029e3   Thumb Code    40  sx1276-fsk.o(.text)
    SX1276FskGetRFState                      0x08002a0b   Thumb Code     6  sx1276-fsk.o(.text)
    SX1276FskProcess                         0x08002a11   Thumb Code  1518  sx1276-fsk.o(.text)
    SX1276FskSetRFFrequency                  0x08003021   Thumb Code    74  sx1276-fskmisc.o(.text)
    SX1276FskGetRFFrequency                  0x0800306b   Thumb Code    82  sx1276-fskmisc.o(.text)
    SX1276FskRxCalibrate                     0x080030bd   Thumb Code   164  sx1276-fskmisc.o(.text)
    SX1276FskSetBitrate                      0x08003161   Thumb Code    70  sx1276-fskmisc.o(.text)
    SX1276FskGetBitrate                      0x080031a7   Thumb Code    78  sx1276-fskmisc.o(.text)
    SX1276FskSetFdev                         0x080031f5   Thumb Code    94  sx1276-fskmisc.o(.text)
    SX1276FskGetFdev                         0x08003253   Thumb Code    80  sx1276-fskmisc.o(.text)
    SX1276FskSetRFPower                      0x080032a3   Thumb Code   252  sx1276-fskmisc.o(.text)
    SX1276FskGetRFPower                      0x0800339f   Thumb Code   138  sx1276-fskmisc.o(.text)
    SX1276FskSetDccBw                        0x080035cb   Thumb Code   162  sx1276-fskmisc.o(.text)
    SX1276FskGetBw                           0x0800366d   Thumb Code    82  sx1276-fskmisc.o(.text)
    SX1276FskSetPacketCrcOn                  0x080036bf   Thumb Code    60  sx1276-fskmisc.o(.text)
    SX1276FskGetPacketCrcOn                  0x080036fb   Thumb Code    36  sx1276-fskmisc.o(.text)
    SX1276FskSetAfcOn                        0x0800371f   Thumb Code    54  sx1276-fskmisc.o(.text)
    SX1276FskGetAfcOn                        0x08003755   Thumb Code    34  sx1276-fskmisc.o(.text)
    SX1276FskSetPayloadLength                0x08003777   Thumb Code    32  sx1276-fskmisc.o(.text)
    SX1276FskGetPayloadLength                0x08003797   Thumb Code    32  sx1276-fskmisc.o(.text)
    SX1276FskSetPa20dBm                      0x080037b7   Thumb Code    84  sx1276-fskmisc.o(.text)
    SX1276FskGetPa20dBm                      0x0800380b   Thumb Code    38  sx1276-fskmisc.o(.text)
    SX1276FskSetPAOutput                     0x08003831   Thumb Code    64  sx1276-fskmisc.o(.text)
    SX1276FskGetPAOutput                     0x08003871   Thumb Code    26  sx1276-fskmisc.o(.text)
    SX1276FskSetPaRamp                       0x0800388b   Thumb Code    52  sx1276-fskmisc.o(.text)
    SX1276FskGetPaRamp                       0x080038bf   Thumb Code    26  sx1276-fskmisc.o(.text)
    SX1276FskSetRssiOffset                   0x080038d9   Thumb Code    64  sx1276-fskmisc.o(.text)
    SX1276FskGetRssiOffset                   0x08003919   Thumb Code    44  sx1276-fskmisc.o(.text)
    SX1276FskGetRawTemp                      0x08003945   Thumb Code   206  sx1276-fskmisc.o(.text)
    SX1276FskCalibreateTemp                  0x08003a13   Thumb Code    14  sx1276-fskmisc.o(.text)
    SX1276FskGetTemp                         0x08003a21   Thumb Code    14  sx1276-fskmisc.o(.text)
    SX1276LoRaSetOpMode                      0x08003a39   Thumb Code    88  sx1276-lora.o(.text)
    SX1276LoRaSetDefaults                    0x08003a91   Thumb Code    16  sx1276-lora.o(.text)
    SX1276LoRaInit                           0x08003aa1   Thumb Code   182  sx1276-lora.o(.text)
    SX1276LoRaReset                          0x08003b57   Thumb Code    46  sx1276-lora.o(.text)
    SX1276LoRaGetOpMode                      0x08003b85   Thumb Code    26  sx1276-lora.o(.text)
    SX1276LoRaReadRxGain                     0x08003b9f   Thumb Code    24  sx1276-lora.o(.text)
    SX1276LoRaReadRssi                       0x08003bb7   Thumb Code   108  sx1276-lora.o(.text)
    SX1276LoRaGetPacketRxGain                0x08003c23   Thumb Code     6  sx1276-lora.o(.text)
    SX1276LoRaGetPacketSnr                   0x08003c29   Thumb Code     8  sx1276-lora.o(.text)
    SX1276LoRaGetPacketRssi                  0x08003c31   Thumb Code     6  sx1276-lora.o(.text)
    SX1276LoRaSetRFState                     0x08003c37   Thumb Code     6  sx1276-lora.o(.text)
    SX1276LoRaStartRx                        0x08003c3d   Thumb Code    10  sx1276-lora.o(.text)
    SX1276LoRaGetRxPacket                    0x08003c47   Thumb Code    30  sx1276-lora.o(.text)
    SX1276LoRaSetTxPacket                    0x08003c65   Thumb Code    44  sx1276-lora.o(.text)
    SX1276LoRaGetRFState                     0x08003c91   Thumb Code     6  sx1276-lora.o(.text)
    SX1276LoRaProcess                        0x08003c97   Thumb Code  1850  sx1276-lora.o(.text)
    SX1276LoRaSetRFFrequency                 0x08004431   Thumb Code    74  sx1276-loramisc.o(.text)
    SX1276LoRaGetRFFrequency                 0x0800447b   Thumb Code    82  sx1276-loramisc.o(.text)
    SX1276LoRaSetRFPower                     0x080044cd   Thumb Code   252  sx1276-loramisc.o(.text)
    SX1276LoRaGetRFPower                     0x080045c9   Thumb Code   116  sx1276-loramisc.o(.text)
    SX1276LoRaSetSignalBandwidth             0x0800463d   Thumb Code    50  sx1276-loramisc.o(.text)
    SX1276LoRaGetSignalBandwidth             0x0800466f   Thumb Code    32  sx1276-loramisc.o(.text)
    SX1276LoRaSetNbTrigPeaks                 0x0800468f   Thumb Code    54  sx1276-loramisc.o(.text)
    SX1276LoRaSetSpreadingFactor             0x080046c5   Thumb Code    82  sx1276-loramisc.o(.text)
    SX1276LoRaGetSpreadingFactor             0x08004717   Thumb Code    32  sx1276-loramisc.o(.text)
    SX1276LoRaSetErrorCoding                 0x08004737   Thumb Code    54  sx1276-loramisc.o(.text)
    SX1276LoRaGetErrorCoding                 0x0800476d   Thumb Code    36  sx1276-loramisc.o(.text)
    SX1276LoRaSetPacketCrcOn                 0x08004791   Thumb Code    54  sx1276-loramisc.o(.text)
    SX1276LoRaSetPreambleLength              0x080047c7   Thumb Code    52  sx1276-loramisc.o(.text)
    SX1276LoRaGetPreambleLength              0x080047fb   Thumb Code    50  sx1276-loramisc.o(.text)
    SX1276LoRaGetPacketCrcOn                 0x0800482d   Thumb Code    44  sx1276-loramisc.o(.text)
    SX1276LoRaSetImplicitHeaderOn            0x08004859   Thumb Code    52  sx1276-loramisc.o(.text)
    SX1276LoRaGetImplicitHeaderOn            0x0800488d   Thumb Code    34  sx1276-loramisc.o(.text)
    SX1276LoRaSetRxSingleOn                  0x080048af   Thumb Code     6  sx1276-loramisc.o(.text)
    SX1276LoRaGetRxSingleOn                  0x080048b5   Thumb Code     6  sx1276-loramisc.o(.text)
    SX1276LoRaSetFreqHopOn                   0x080048bb   Thumb Code     6  sx1276-loramisc.o(.text)
    SX1276LoRaGetFreqHopOn                   0x080048c1   Thumb Code     6  sx1276-loramisc.o(.text)
    SX1276LoRaSetHopPeriod                   0x080048c7   Thumb Code    32  sx1276-loramisc.o(.text)
    SX1276LoRaGetHopPeriod                   0x080048e7   Thumb Code    32  sx1276-loramisc.o(.text)
    SX1276LoRaSetTxPacketTimeout             0x08004907   Thumb Code     6  sx1276-loramisc.o(.text)
    SX1276LoRaGetTxPacketTimeout             0x0800490d   Thumb Code     6  sx1276-loramisc.o(.text)
    SX1276LoRaSetRxPacketTimeout             0x08004913   Thumb Code     6  sx1276-loramisc.o(.text)
    SX1276LoRaGetRxPacketTimeout             0x08004919   Thumb Code     6  sx1276-loramisc.o(.text)
    SX1276LoRaSetPayloadLength               0x0800491f   Thumb Code    32  sx1276-loramisc.o(.text)
    SX1276LoRaGetPayloadLength               0x0800493f   Thumb Code    32  sx1276-loramisc.o(.text)
    SX1276LoRaSetPa20dBm                     0x0800495f   Thumb Code    84  sx1276-loramisc.o(.text)
    SX1276LoRaGetPa20dBm                     0x080049b3   Thumb Code    38  sx1276-loramisc.o(.text)
    SX1276LoRaSetPAOutput                    0x080049d9   Thumb Code    48  sx1276-loramisc.o(.text)
    SX1276LoRaGetPAOutput                    0x08004a09   Thumb Code    26  sx1276-loramisc.o(.text)
    SX1276LoRaSetPaRamp                      0x08004a23   Thumb Code    52  sx1276-loramisc.o(.text)
    SX1276LoRaGetPaRamp                      0x08004a57   Thumb Code    26  sx1276-loramisc.o(.text)
    SX1276LoRaSetSymbTimeout                 0x08004a71   Thumb Code    66  sx1276-loramisc.o(.text)
    SX1276LoRaGetSymbTimeout                 0x08004ab3   Thumb Code    38  sx1276-loramisc.o(.text)
    SX1276LoRaSetLowDatarateOptimize         0x08004ad9   Thumb Code    56  sx1276-loramisc.o(.text)
    SX1276LoRaGetLowDatarateOptimize         0x08004b11   Thumb Code    28  sx1276-loramisc.o(.text)
    SX1276LoRaGetNbTrigPeaks                 0x08004b2d   Thumb Code    28  sx1276-loramisc.o(.text)
    SpiInit                                  0x08004b51   Thumb Code   164  spi.o(.text)
    SpiInOut                                 0x08004bf5   Thumb Code    36  spi.o(.text)
    BoardInit                                0x08004c25   Thumb Code    96  sx12xxeiger.o(.text)
    Delay                                    0x08004c85   Thumb Code    18  sx12xxeiger.o(.text)
    LongDelay                                0x08004c97   Thumb Code    26  sx12xxeiger.o(.text)
    Set_RF_Switch_RX                         0x08004cc1   Thumb Code    20  sx1276-hal.o(.text)
    Set_RF_Switch_TX                         0x08004cd5   Thumb Code    20  sx1276-hal.o(.text)
    SX1276InitIo                             0x08004ce9   Thumb Code   180  sx1276-hal.o(.text)
    SX1276SetReset                           0x08004d9d   Thumb Code    84  sx1276-hal.o(.text)
    SX1276WriteBuffer                        0x08004df1   Thumb Code    60  sx1276-hal.o(.text)
    SX1276Write                              0x08004e2d   Thumb Code    16  sx1276-hal.o(.text)
    SX1276ReadBuffer                         0x08004e3d   Thumb Code    62  sx1276-hal.o(.text)
    SX1276Read                               0x08004e7b   Thumb Code    18  sx1276-hal.o(.text)
    SX1276WriteFifo                          0x08004e8d   Thumb Code    18  sx1276-hal.o(.text)
    SX1276ReadFifo                           0x08004e9f   Thumb Code    18  sx1276-hal.o(.text)
    SX1276ReadDio0                           0x08004eb1   Thumb Code    14  sx1276-hal.o(.text)
    SX1276ReadDio1                           0x08004ebf   Thumb Code    14  sx1276-hal.o(.text)
    SX1276ReadDio2                           0x08004ecd   Thumb Code    14  sx1276-hal.o(.text)
    SX1276ReadDio3                           0x08004edb   Thumb Code    14  sx1276-hal.o(.text)
    SX1276ReadDio4                           0x08004ee9   Thumb Code    14  sx1276-hal.o(.text)
    SX1276ReadDio5                           0x08004ef7   Thumb Code    14  sx1276-hal.o(.text)
    SX1276WriteRxTx                          0x08004f05   Thumb Code    18  sx1276-hal.o(.text)
    MPU_Write_Byte                           0x08004f21   Thumb Code    68  mpu6050.o(.text)
    MPU_Set_LPF                              0x08004f65   Thumb Code    58  mpu6050.o(.text)
    MPU_Set_Rate                             0x08004f9f   Thumb Code    58  mpu6050.o(.text)
    MPU_Read_Byte                            0x08004fd9   Thumb Code    58  mpu6050.o(.text)
    MPU_Set_Accel_Fsr                        0x08005013   Thumb Code    16  mpu6050.o(.text)
    MPU_Set_Gyro_Fsr                         0x08005023   Thumb Code    16  mpu6050.o(.text)
    MPU_Init                                 0x08005033   Thumb Code   122  mpu6050.o(.text)
    MPU_Read_Len                             0x080050ad   Thumb Code   116  mpu6050.o(.text)
    MPU_Get_Temperature                      0x08005121   Thumb Code    86  mpu6050.o(.text)
    MPU_Get_Gyroscope                        0x08005177   Thumb Code    80  mpu6050.o(.text)
    MPU_Get_Accelerometer                    0x080051c7   Thumb Code    80  mpu6050.o(.text)
    MPU_Write_Len                            0x08005217   Thumb Code    96  mpu6050.o(.text)
    MPU_IIC_Delay                            0x08005289   Thumb Code    10  mpuiic.o(.text)
    MPU_IIC_Init                             0x08005293   Thumb Code    46  mpuiic.o(.text)
    MPU_IIC_Start                            0x080052c1   Thumb Code    60  mpuiic.o(.text)
    MPU_IIC_Stop                             0x080052fd   Thumb Code    62  mpuiic.o(.text)
    MPU_IIC_Wait_Ack                         0x0800533b   Thumb Code    86  mpuiic.o(.text)
    MPU_IIC_Ack                              0x08005391   Thumb Code    66  mpuiic.o(.text)
    MPU_IIC_NAck                             0x080053d3   Thumb Code    66  mpuiic.o(.text)
    MPU_IIC_Send_Byte                        0x08005415   Thumb Code    82  mpuiic.o(.text)
    MPU_IIC_Read_Byte                        0x08005467   Thumb Code    96  mpuiic.o(.text)
    mpu_reg_dump                             0x0800555f   Thumb Code    84  inv_mpu.o(.text)
    mpu_read_reg                             0x080055b3   Thumb Code    66  inv_mpu.o(.text)
    mpu_set_int_latched                      0x080055f5   Thumb Code   102  inv_mpu.o(.text)
    mpu_set_sensors                          0x0800565b   Thumb Code   202  inv_mpu.o(.text)
    mpu_set_bypass                           0x08005725   Thumb Code   328  inv_mpu.o(.text)
    mpu_reset_fifo                           0x0800586d   Thumb Code   472  inv_mpu.o(.text)
    mpu_configure_fifo                       0x08005a45   Thumb Code   106  inv_mpu.o(.text)
    mpu_set_lpf                              0x08005aaf   Thumb Code   126  inv_mpu.o(.text)
    mpu_lp_accel_mode                        0x08005b2d   Thumb Code   218  inv_mpu.o(.text)
    mpu_set_sample_rate                      0x08005c07   Thumb Code   152  inv_mpu.o(.text)
    mpu_set_accel_fsr                        0x08005c9f   Thumb Code   132  inv_mpu.o(.text)
    mpu_set_gyro_fsr                         0x08005d23   Thumb Code   132  inv_mpu.o(.text)
    mpu_init                                 0x08005da7   Thumb Code   416  inv_mpu.o(.text)
    mget_ms                                  0x08005f47   Thumb Code     2  inv_mpu.o(.text)
    mpu_get_gyro_reg                         0x08005f49   Thumb Code   110  inv_mpu.o(.text)
    mpu_get_accel_reg                        0x08005fb7   Thumb Code   110  inv_mpu.o(.text)
    mpu_get_temperature                      0x08006025   Thumb Code   150  inv_mpu.o(.text)
    mpu_set_accel_bias                       0x080060bb   Thumb Code   468  inv_mpu.o(.text)
    mpu_get_gyro_fsr                         0x0800628f   Thumb Code    64  inv_mpu.o(.text)
    mpu_get_accel_fsr                        0x080062cf   Thumb Code    72  inv_mpu.o(.text)
    mpu_get_lpf                              0x08006317   Thumb Code    74  inv_mpu.o(.text)
    mpu_get_sample_rate                      0x08006361   Thumb Code    26  inv_mpu.o(.text)
    mpu_get_compass_sample_rate              0x0800637b   Thumb Code    10  inv_mpu.o(.text)
    mpu_set_compass_sample_rate              0x08006385   Thumb Code     8  inv_mpu.o(.text)
    mpu_get_gyro_sens                        0x0800638d   Thumb Code    58  inv_mpu.o(.text)
    mpu_get_accel_sens                       0x080063c7   Thumb Code    78  inv_mpu.o(.text)
    mpu_get_fifo_config                      0x08006415   Thumb Code    12  inv_mpu.o(.text)
    mpu_get_power_state                      0x08006421   Thumb Code    22  inv_mpu.o(.text)
    mpu_get_int_status                       0x08006437   Thumb Code    64  inv_mpu.o(.text)
    mpu_read_fifo                            0x08006477   Thumb Code   520  inv_mpu.o(.text)
    mpu_read_fifo_stream                     0x0800667f   Thumb Code   186  inv_mpu.o(.text)
    mpu_set_int_level                        0x08006739   Thumb Code    12  inv_mpu.o(.text)
    mpu_set_dmp_state                        0x08006e19   Thumb Code   138  inv_mpu.o(.text)
    mpu_run_self_test                        0x08006ea3   Thumb Code   278  inv_mpu.o(.text)
    mpu_write_mem                            0x08006fb9   Thumb Code   122  inv_mpu.o(.text)
    mpu_read_mem                             0x08007033   Thumb Code   122  inv_mpu.o(.text)
    mpu_load_firmware                        0x080070ad   Thumb Code   190  inv_mpu.o(.text)
    mpu_get_dmp_state                        0x0800716b   Thumb Code    14  inv_mpu.o(.text)
    setup_compass                            0x08007179   Thumb Code     6  inv_mpu.o(.text)
    mpu_get_compass_reg                      0x0800717f   Thumb Code     8  inv_mpu.o(.text)
    mpu_get_compass_fsr                      0x08007187   Thumb Code     8  inv_mpu.o(.text)
    mpu_lp_motion_interrupt                  0x0800718f   Thumb Code   512  inv_mpu.o(.text)
    run_self_test                            0x0800738f   Thumb Code   148  inv_mpu.o(.text)
    inv_row_2_scale                          0x08007423   Thumb Code    78  inv_mpu.o(.text)
    inv_orientation_matrix_to_scalar         0x08007471   Thumb Code    40  inv_mpu.o(.text)
    mpu_dmp_init                             0x08007499   Thumb Code   148  inv_mpu.o(.text)
    mpu_dmp_get_data                         0x0800752d   Thumb Code   554  inv_mpu.o(.text)
    dmp_load_motion_driver_firmware          0x0800775d   Thumb Code    20  inv_mpu_dmp_motion_driver.o(.text)
    dmp_set_orientation                      0x08007771   Thumb Code   290  inv_mpu_dmp_motion_driver.o(.text)
    dmp_set_gyro_bias                        0x08007893   Thumb Code   294  inv_mpu_dmp_motion_driver.o(.text)
    dmp_set_accel_bias                       0x080079b9   Thumb Code   300  inv_mpu_dmp_motion_driver.o(.text)
    dmp_set_fifo_rate                        0x08007ae5   Thumb Code   136  inv_mpu_dmp_motion_driver.o(.text)
    dmp_get_fifo_rate                        0x08007b6d   Thumb Code    12  inv_mpu_dmp_motion_driver.o(.text)
    dmp_set_tap_thresh                       0x08007b79   Thumb Code   396  inv_mpu_dmp_motion_driver.o(.text)
    dmp_set_tap_axes                         0x08007d05   Thumb Code    70  inv_mpu_dmp_motion_driver.o(.text)
    dmp_set_tap_count                        0x08007d4b   Thumb Code    38  inv_mpu_dmp_motion_driver.o(.text)
    dmp_set_tap_time                         0x08007d71   Thumb Code    38  inv_mpu_dmp_motion_driver.o(.text)
    dmp_set_tap_time_multi                   0x08007d97   Thumb Code    38  inv_mpu_dmp_motion_driver.o(.text)
    dmp_set_shake_reject_thresh              0x08007dbd   Thumb Code    56  inv_mpu_dmp_motion_driver.o(.text)
    dmp_set_shake_reject_time                0x08007df5   Thumb Code    38  inv_mpu_dmp_motion_driver.o(.text)
    dmp_set_shake_reject_timeout             0x08007e1b   Thumb Code    38  inv_mpu_dmp_motion_driver.o(.text)
    dmp_get_pedometer_step_count             0x08007e41   Thumb Code    66  inv_mpu_dmp_motion_driver.o(.text)
    dmp_set_pedometer_step_count             0x08007e83   Thumb Code    42  inv_mpu_dmp_motion_driver.o(.text)
    dmp_get_pedometer_walk_time              0x08007ead   Thumb Code    72  inv_mpu_dmp_motion_driver.o(.text)
    dmp_set_pedometer_walk_time              0x08007ef5   Thumb Code    48  inv_mpu_dmp_motion_driver.o(.text)
    dmp_enable_6x_lp_quat                    0x08007f25   Thumb Code    84  inv_mpu_dmp_motion_driver.o(.text)
    dmp_enable_lp_quat                       0x08007f79   Thumb Code    60  inv_mpu_dmp_motion_driver.o(.text)
    dmp_enable_gyro_cal                      0x08007fb5   Thumb Code    62  inv_mpu_dmp_motion_driver.o(.text)
    dmp_enable_feature                       0x08007ff3   Thumb Code   530  inv_mpu_dmp_motion_driver.o(.text)
    dmp_get_enabled_features                 0x08008205   Thumb Code    12  inv_mpu_dmp_motion_driver.o(.text)
    dmp_set_interrupt_mode                   0x0800826f   Thumb Code    66  inv_mpu_dmp_motion_driver.o(.text)
    dmp_read_fifo                            0x080082b1   Thumb Code   514  inv_mpu_dmp_motion_driver.o(.text)
    dmp_register_tap_cb                      0x080084b3   Thumb Code    10  inv_mpu_dmp_motion_driver.o(.text)
    dmp_register_android_orient_cb           0x080084bd   Thumb Code    10  inv_mpu_dmp_motion_driver.o(.text)
    Adc_Init                                 0x080084cd   Thumb Code   132  adc.o(.text)
    Get_Adc                                  0x08008551   Thumb Code    46  adc.o(.text)
    Get_Adc_Average                          0x0800857f   Thumb Code    46  adc.o(.text)
    motor_Init                               0x080085b5   Thumb Code    50  motor.o(.text)
    motor_forward                            0x080085e7   Thumb Code    16  motor.o(.text)
    motor_backward                           0x080085f7   Thumb Code    16  motor.o(.text)
    motor_off                                0x08008607   Thumb Code    14  motor.o(.text)
    KEY_Init                                 0x08008621   Thumb Code    34  key.o(.text)
    KEY_Scan                                 0x08008643   Thumb Code   120  key.o(.text)
    delay_init                               0x080086c5   Thumb Code    50  delay.o(.text)
    delay_us                                 0x080086f7   Thumb Code    72  delay.o(.text)
    delay_ms                                 0x0800873f   Thumb Code    72  delay.o(.text)
    _sys_exit                                0x08008799   Thumb Code     6  usart.o(.text)
    fputc                                    0x0800879f   Thumb Code    24  usart.o(.text)
    uart_init                                0x080087b7   Thumb Code   152  usart.o(.text)
    USART1_IRQHandler                        0x0800884f   Thumb Code   122  usart.o(.text)
    IWDG_Init                                0x080088d9   Thumb Code    36  wdg.o(.text)
    IWDG_Feed                                0x080088fd   Thumb Code     8  wdg.o(.text)
    __aeabi_ldivmod                          0x08008905   Thumb Code    98  ldiv.o(.text)
    __aeabi_memcpy                           0x08008967   Thumb Code    36  memcpya.o(.text)
    __aeabi_memcpy4                          0x08008967   Thumb Code     0  memcpya.o(.text)
    __aeabi_memcpy8                          0x08008967   Thumb Code     0  memcpya.o(.text)
    __aeabi_memset                           0x0800898b   Thumb Code    14  memseta.o(.text)
    __aeabi_memset4                          0x0800898b   Thumb Code     0  memseta.o(.text)
    __aeabi_memset8                          0x0800898b   Thumb Code     0  memseta.o(.text)
    __aeabi_memclr                           0x08008999   Thumb Code     4  memseta.o(.text)
    __aeabi_memclr4                          0x08008999   Thumb Code     0  memseta.o(.text)
    __aeabi_memclr8                          0x08008999   Thumb Code     0  memseta.o(.text)
    _memset$wrapper                          0x0800899d   Thumb Code    18  memseta.o(.text)
    memcmp                                   0x080089af   Thumb Code    26  memcmp.o(.text)
    __aeabi_fadd                             0x080089c9   Thumb Code   164  fadd.o(.text)
    __aeabi_fsub                             0x08008a6d   Thumb Code     6  fadd.o(.text)
    __aeabi_frsub                            0x08008a73   Thumb Code     6  fadd.o(.text)
    __aeabi_fmul                             0x08008a79   Thumb Code   100  fmul.o(.text)
    __aeabi_fdiv                             0x08008add   Thumb Code   124  fdiv.o(.text)
    __aeabi_dadd                             0x08008b59   Thumb Code   322  dadd.o(.text)
    __aeabi_dsub                             0x08008c9b   Thumb Code     6  dadd.o(.text)
    __aeabi_drsub                            0x08008ca1   Thumb Code     6  dadd.o(.text)
    __aeabi_dmul                             0x08008ca7   Thumb Code   228  dmul.o(.text)
    __aeabi_ddiv                             0x08008d8b   Thumb Code   222  ddiv.o(.text)
    __aeabi_i2f                              0x08008e69   Thumb Code    18  fflti.o(.text)
    __aeabi_ui2f                             0x08008e7b   Thumb Code    10  ffltui.o(.text)
    __aeabi_i2d                              0x08008e85   Thumb Code    34  dflti.o(.text)
    __aeabi_ui2d                             0x08008ea7   Thumb Code    26  dfltui.o(.text)
    __aeabi_f2iz                             0x08008ec1   Thumb Code    50  ffixi.o(.text)
    __aeabi_f2uiz                            0x08008ef3   Thumb Code    40  ffixui.o(.text)
    __aeabi_d2iz                             0x08008f1b   Thumb Code    62  dfixi.o(.text)
    __aeabi_d2uiz                            0x08008f59   Thumb Code    50  dfixui.o(.text)
    __aeabi_f2d                              0x08008f8b   Thumb Code    38  f2d.o(.text)
    __aeabi_cdcmpeq                          0x08008fb1   Thumb Code     0  cdcmple.o(.text)
    __aeabi_cdcmple                          0x08008fb1   Thumb Code    48  cdcmple.o(.text)
    __aeabi_d2f                              0x08008fe1   Thumb Code    56  d2f.o(.text)
    __aeabi_cfcmpeq                          0x08009019   Thumb Code     0  cfcmple.o(.text)
    __aeabi_cfcmple                          0x08009019   Thumb Code    20  cfcmple.o(.text)
    __aeabi_cfrcmple                         0x0800902d   Thumb Code    20  cfrcmple.o(.text)
    __aeabi_uldivmod                         0x08009041   Thumb Code    98  uldiv.o(.text)
    __aeabi_llsl                             0x080090a3   Thumb Code    30  llshl.o(.text)
    _ll_shift_l                              0x080090a3   Thumb Code     0  llshl.o(.text)
    __aeabi_llsr                             0x080090c1   Thumb Code    32  llushr.o(.text)
    _ll_ushift_r                             0x080090c1   Thumb Code     0  llushr.o(.text)
    __aeabi_lasr                             0x080090e1   Thumb Code    36  llsshr.o(.text)
    _ll_sshift_r                             0x080090e1   Thumb Code     0  llsshr.o(.text)
    __I$use$fp                               0x08009105   Thumb Code     0  iusefp.o(.text)
    _float_round                             0x08009105   Thumb Code    18  fepilogue.o(.text)
    _float_epilogue                          0x08009117   Thumb Code    92  fepilogue.o(.text)
    _double_round                            0x08009173   Thumb Code    30  depilogue.o(.text)
    _double_epilogue                         0x08009191   Thumb Code   156  depilogue.o(.text)
    __ARM_scalbn                             0x0800922d   Thumb Code    46  dscalb.o(.text)
    scalbn                                   0x0800922d   Thumb Code     0  dscalb.o(.text)
    _drnd                                    0x0800925d   Thumb Code   132  drnd.o(.text)
    __aeabi_cdrcmple                         0x080092e5   Thumb Code    48  cdrcmple.o(.text)
    __scatterload                            0x08009315   Thumb Code    28  init.o(.text)
    __scatterload_rt2                        0x08009315   Thumb Code     0  init.o(.text)
    _dsqrt                                   0x08009339   Thumb Code   162  dsqrt.o(.text)
    __decompress                             0x080093db   Thumb Code     0  __dczerorl2.o(.text)
    __decompress1                            0x080093db   Thumb Code    86  __dczerorl2.o(.text)
    __0printf$8                              0x08009431   Thumb Code    22  printf8.o(i.__0printf$8)
    __1printf$8                              0x08009431   Thumb Code     0  printf8.o(i.__0printf$8)
    __2printf                                0x08009431   Thumb Code     0  printf8.o(i.__0printf$8)
    __ARM_fpclassify                         0x08009451   Thumb Code    40  fpclassify.o(i.__ARM_fpclassify)
    __kernel_poly                            0x08009479   Thumb Code   170  poly.o(i.__kernel_poly)
    __mathlib_dbl_divzero                    0x08009525   Thumb Code    12  dunder.o(i.__mathlib_dbl_divzero)
    __mathlib_dbl_infnan                     0x08009535   Thumb Code     6  dunder.o(i.__mathlib_dbl_infnan)
    __mathlib_dbl_infnan2                    0x0800953b   Thumb Code     4  dunder.o(i.__mathlib_dbl_infnan2)
    __mathlib_dbl_invalid                    0x0800953f   Thumb Code    12  dunder.o(i.__mathlib_dbl_invalid)
    __mathlib_dbl_overflow                   0x0800954b   Thumb Code    14  dunder.o(i.__mathlib_dbl_overflow)
    __mathlib_dbl_underflow                  0x08009559   Thumb Code    10  dunder.o(i.__mathlib_dbl_underflow)
    __scatterload_copy                       0x08009569   Thumb Code    14  handlers.o(i.__scatterload_copy)
    __scatterload_null                       0x08009577   Thumb Code     2  handlers.o(i.__scatterload_null)
    __scatterload_zeroinit                   0x08009579   Thumb Code    14  handlers.o(i.__scatterload_zeroinit)
    __set_errno                              0x08009589   Thumb Code     6  errno.o(i.__set_errno)
    asin                                     0x080099f9   Thumb Code   572  asin.o(i.asin)
    atan                                     0x08009c69   Thumb Code   474  atan.o(i.atan)
    atan2                                    0x08009e89   Thumb Code   346  atan2.o(i.atan2)
    pow                                      0x0800a009   Thumb Code  2512  pow.o(i.pow)
    round                                    0x0800a9e1   Thumb Code   136  round.o(i.round)
    sqrt                                     0x0800aa75   Thumb Code    76  sqrt.o(i.sqrt)
    SignalBwLog                              0x0800aac0   Data          80  sx1276-lora.o(.constdata)
    RssiOffsetLF                             0x0800ab10   Data          80  sx1276-lora.o(.constdata)
    RssiOffsetHF                             0x0800ab60   Data          80  sx1276-lora.o(.constdata)
    HoppingFrequencies                       0x0800abb0   Data         204  sx1276-lora.o(.constdata)
    reg                                      0x0800ac7c   Data          27  inv_mpu.o(.constdata)
    hw                                       0x0800ac98   Data          12  inv_mpu.o(.constdata)
    test                                     0x0800aca4   Data          40  inv_mpu.o(.constdata)
    __mathlib_zero                           0x0800ba38   Data           8  qnan.o(.constdata)
    Region$$Table$$Base                      0x0800ba90   Number         0  anon$$obj.o(Region$$Table)
    Region$$Table$$Limit                     0x0800bab0   Number         0  anon$$obj.o(Region$$Table)
    SystemCoreClock                          0x20000000   Data           4  system_stm32f10x.o(.data)
    AHBPrescTable                            0x20000004   Data          16  system_stm32f10x.o(.data)
    BufferSize                               0x20000028   Data           2  main.o(.data)
    Buffer                                   0x2000002a   Data           5  main.o(.data)
    EnableMaster                             0x2000002f   Data           1  main.o(.data)
    Radio                                    0x20000030   Data           4  main.o(.data)
    i                                        0x20000034   Data           1  main.o(.data)
    pitch_PV                                 0x20000038   Data           4  main.o(.data)
    roll                                     0x2000003c   Data           4  main.o(.data)
    yaw                                      0x20000040   Data           4  main.o(.data)
    pitch_SV                                 0x20000044   Data           4  main.o(.data)
    err                                      0x20000048   Data           4  main.o(.data)
    abs_err                                  0x2000004c   Data           4  main.o(.data)
    adc_value                                0x20000050   Data           4  main.o(.data)
    adc_voltage                              0x20000054   Data           4  main.o(.data)
    V_CAP                                    0x20000058   Data           4  main.o(.data)
    key                                      0x2000005c   Data           1  main.o(.data)
    voltage_ok                               0x2000005d   Data           1  main.o(.data)
    auto_up                                  0x2000005e   Data           1  main.o(.data)
    auto_down                                0x2000005f   Data           1  main.o(.data)
    hand_up                                  0x20000060   Data           1  main.o(.data)
    hand_down                                0x20000061   Data           1  main.o(.data)
    auto_mode                                0x20000062   Data           1  main.o(.data)
    forward_to_backward                      0x20000063   Data           1  main.o(.data)
    backward_to_forward                      0x20000064   Data           1  main.o(.data)
    east_limit                               0x20000065   Data           1  main.o(.data)
    west_limit                               0x20000066   Data           1  main.o(.data)
    IEEE_to_float                            0x20000068   Data           4  main.o(.data)
    FskSettings                              0x20000070   Data          28  sx1276-fsk.o(.data)
    SX1276                                   0x2000008c   Data           4  sx1276-fsk.o(.data)
    LoRaSettings                             0x200000d0   Data          28  sx1276-lora.o(.data)
    SX1276LR                                 0x200000ec   Data           4  sx1276-lora.o(.data)
    TickCounter                              0x20000110   Data           4  sx12xxeiger.o(.data)
    __stdout                                 0x20000150   Data           4  usart.o(.data)
    USART_RX_STA                             0x20000154   Data           2  usart.o(.data)
    RadioDriver                              0x2000015c   Data          24  radio.o(.bss)
    SX1276Regs                               0x20000174   Data         112  sx1276.o(.bss)
    USART_RX_BUF                             0x200003f4   Data         200  usart.o(.bss)
    __initial_sp                             0x200008c0   Data           0  startup_stm32f10x_md.o(STACK)



==============================================================================

Memory Map of the image

  Image Entry point : 0x080000ed

  Load Region LR_IROM1 (Base: 0x08000000, Size: 0x0000bc0c, Max: 0x00010000, ABSOLUTE, COMPRESSED[0x0000bb14])

    Execution Region ER_IROM1 (Base: 0x08000000, Size: 0x0000bab0, Max: 0x00010000, ABSOLUTE)

    Base Addr    Size         Type   Attr      Idx    E Section Name        Object

    0x08000000   0x000000ec   Data   RO            3    RESET               startup_stm32f10x_md.o
    0x080000ec   0x00000000   Code   RO         1005  * .ARM.Collect$$$$00000000  mc_w.l(entry.o)
    0x080000ec   0x00000004   Code   RO         1354    .ARM.Collect$$$$00000001  mc_w.l(entry2.o)
    0x080000f0   0x00000004   Code   RO         1357    .ARM.Collect$$$$00000004  mc_w.l(entry5.o)
    0x080000f4   0x00000000   Code   RO         1359    .ARM.Collect$$$$00000008  mc_w.l(entry7b.o)
    0x080000f4   0x00000000   Code   RO         1361    .ARM.Collect$$$$0000000A  mc_w.l(entry8b.o)
    0x080000f4   0x00000008   Code   RO         1362    .ARM.Collect$$$$0000000B  mc_w.l(entry9a.o)
    0x080000fc   0x00000000   Code   RO         1364    .ARM.Collect$$$$0000000D  mc_w.l(entry10a.o)
    0x080000fc   0x00000000   Code   RO         1366    .ARM.Collect$$$$0000000F  mc_w.l(entry11a.o)
    0x080000fc   0x00000004   Code   RO         1355    .ARM.Collect$$$$00002712  mc_w.l(entry2.o)
    0x08000100   0x00000024   Code   RO            4    .text               startup_stm32f10x_md.o
    0x08000124   0x000001e0   Code   RO           24    .text               system_stm32f10x.o
    0x08000304   0x000000dc   Code   RO           82    .text               misc.o
    0x080003e0   0x0000044e   Code   RO           98    .text               stm32f10x_adc.o
    0x0800082e   0x00000002   PAD
    0x08000830   0x000005bc   Code   RO          230    .text               stm32f10x_flash.o
    0x08000dec   0x0000035c   Code   RO          257    .text               stm32f10x_gpio.o
    0x08001148   0x00000040   Code   RO          284    .text               stm32f10x_iwdg.o
    0x08001188   0x000003a4   Code   RO          311    .text               stm32f10x_rcc.o
    0x0800152c   0x0000030c   Code   RO          352    .text               stm32f10x_spi.o
    0x08001838   0x00000408   Code   RO          376    .text               stm32f10x_usart.o
    0x08001c40   0x000003ac   Code   RO          403    .text               main.o
    0x08001fec   0x00000054   Code   RO          488    .text               stm32f10x_it.o
    0x08002040   0x00000140   Code   RO          504    .text               sys_config.o
    0x08002180   0x00000224   Code   RO          535    .text               bsp_usart.o
    0x080023a4   0x0000003c   Code   RO          547    .text               radio.o
    0x080023e0   0x0000028c   Code   RO          615    .text               sx1276.o
    0x0800266c   0x000009b4   Code   RO          648    .text               sx1276-fsk.o
    0x08003020   0x00000a18   Code   RO          674    .text               sx1276-fskmisc.o
    0x08003a38   0x000009f8   Code   RO          687    .text               sx1276-lora.o
    0x08004430   0x00000720   Code   RO          710    .text               sx1276-loramisc.o
    0x08004b50   0x000000d4   Code   RO          738    .text               spi.o
    0x08004c24   0x0000009c   Code   RO          753    .text               sx12xxeiger.o
    0x08004cc0   0x00000260   Code   RO          783    .text               sx1276-hal.o
    0x08004f20   0x00000368   Code   RO          798    .text               mpu6050.o
    0x08005288   0x0000024c   Code   RO          810    .text               mpuiic.o
    0x080054d4   0x00002288   Code   RO          822    .text               inv_mpu.o
    0x0800775c   0x00000d70   Code   RO          852    .text               inv_mpu_dmp_motion_driver.o
    0x080084cc   0x000000e8   Code   RO          873    .text               adc.o
    0x080085b4   0x0000006c   Code   RO          885    .text               motor.o
    0x08008620   0x000000a4   Code   RO          897    .text               key.o
    0x080086c4   0x000000d4   Code   RO          910    .text               delay.o
    0x08008798   0x00000140   Code   RO          940    .text               usart.o
    0x080088d8   0x0000002c   Code   RO          963    .text               wdg.o
    0x08008904   0x00000062   Code   RO         1008    .text               mc_w.l(ldiv.o)
    0x08008966   0x00000024   Code   RO         1010    .text               mc_w.l(memcpya.o)
    0x0800898a   0x00000024   Code   RO         1012    .text               mc_w.l(memseta.o)
    0x080089ae   0x0000001a   Code   RO         1014    .text               mc_w.l(memcmp.o)
    0x080089c8   0x000000b0   Code   RO         1279    .text               mf_w.l(fadd.o)
    0x08008a78   0x00000064   Code   RO         1281    .text               mf_w.l(fmul.o)
    0x08008adc   0x0000007c   Code   RO         1283    .text               mf_w.l(fdiv.o)
    0x08008b58   0x0000014e   Code   RO         1285    .text               mf_w.l(dadd.o)
    0x08008ca6   0x000000e4   Code   RO         1287    .text               mf_w.l(dmul.o)
    0x08008d8a   0x000000de   Code   RO         1289    .text               mf_w.l(ddiv.o)
    0x08008e68   0x00000012   Code   RO         1291    .text               mf_w.l(fflti.o)
    0x08008e7a   0x0000000a   Code   RO         1293    .text               mf_w.l(ffltui.o)
    0x08008e84   0x00000022   Code   RO         1295    .text               mf_w.l(dflti.o)
    0x08008ea6   0x0000001a   Code   RO         1297    .text               mf_w.l(dfltui.o)
    0x08008ec0   0x00000032   Code   RO         1299    .text               mf_w.l(ffixi.o)
    0x08008ef2   0x00000028   Code   RO         1301    .text               mf_w.l(ffixui.o)
    0x08008f1a   0x0000003e   Code   RO         1303    .text               mf_w.l(dfixi.o)
    0x08008f58   0x00000032   Code   RO         1305    .text               mf_w.l(dfixui.o)
    0x08008f8a   0x00000026   Code   RO         1307    .text               mf_w.l(f2d.o)
    0x08008fb0   0x00000030   Code   RO         1309    .text               mf_w.l(cdcmple.o)
    0x08008fe0   0x00000038   Code   RO         1311    .text               mf_w.l(d2f.o)
    0x08009018   0x00000014   Code   RO         1313    .text               mf_w.l(cfcmple.o)
    0x0800902c   0x00000014   Code   RO         1315    .text               mf_w.l(cfrcmple.o)
    0x08009040   0x00000062   Code   RO         1370    .text               mc_w.l(uldiv.o)
    0x080090a2   0x0000001e   Code   RO         1372    .text               mc_w.l(llshl.o)
    0x080090c0   0x00000020   Code   RO         1374    .text               mc_w.l(llushr.o)
    0x080090e0   0x00000024   Code   RO         1376    .text               mc_w.l(llsshr.o)
    0x08009104   0x00000000   Code   RO         1385    .text               mc_w.l(iusefp.o)
    0x08009104   0x0000006e   Code   RO         1386    .text               mf_w.l(fepilogue.o)
    0x08009172   0x000000ba   Code   RO         1388    .text               mf_w.l(depilogue.o)
    0x0800922c   0x0000002e   Code   RO         1390    .text               mf_w.l(dscalb.o)
    0x0800925a   0x00000002   PAD
    0x0800925c   0x00000088   Code   RO         1392    .text               mf_w.l(drnd.o)
    0x080092e4   0x00000030   Code   RO         1396    .text               mf_w.l(cdrcmple.o)
    0x08009314   0x00000024   Code   RO         1398    .text               mc_w.l(init.o)
    0x08009338   0x000000a2   Code   RO         1400    .text               mf_w.l(dsqrt.o)
    0x080093da   0x00000056   Code   RO         1410    .text               mc_w.l(__dczerorl2.o)
    0x08009430   0x00000020   Code   RO         1225    i.__0printf$8       mc_w.l(printf8.o)
    0x08009450   0x00000028   Code   RO         1341    i.__ARM_fpclassify  m_ws.l(fpclassify.o)
    0x08009478   0x000000aa   Code   RO         1343    i.__kernel_poly     m_ws.l(poly.o)
    0x08009522   0x00000002   PAD
    0x08009524   0x00000010   Code   RO         1327    i.__mathlib_dbl_divzero  m_ws.l(dunder.o)
    0x08009534   0x00000006   Code   RO         1328    i.__mathlib_dbl_infnan  m_ws.l(dunder.o)
    0x0800953a   0x00000004   Code   RO         1329    i.__mathlib_dbl_infnan2  m_ws.l(dunder.o)
    0x0800953e   0x0000000c   Code   RO         1330    i.__mathlib_dbl_invalid  m_ws.l(dunder.o)
    0x0800954a   0x0000000e   Code   RO         1331    i.__mathlib_dbl_overflow  m_ws.l(dunder.o)
    0x08009558   0x00000010   Code   RO         1333    i.__mathlib_dbl_underflow  m_ws.l(dunder.o)
    0x08009568   0x0000000e   Code   RO         1404    i.__scatterload_copy  mc_w.l(handlers.o)
    0x08009576   0x00000002   Code   RO         1405    i.__scatterload_null  mc_w.l(handlers.o)
    0x08009578   0x0000000e   Code   RO         1406    i.__scatterload_zeroinit  mc_w.l(handlers.o)
    0x08009586   0x00000002   PAD
    0x08009588   0x0000000c   Code   RO         1380    i.__set_errno       mc_w.l(errno.o)
    0x08009594   0x00000410   Code   RO         1232    i._printf_core      mc_w.l(printf8.o)
    0x080099a4   0x00000024   Code   RO         1233    i._printf_post_padding  mc_w.l(printf8.o)
    0x080099c8   0x0000002e   Code   RO         1234    i._printf_pre_padding  mc_w.l(printf8.o)
    0x080099f6   0x00000002   PAD
    0x080099f8   0x00000270   Code   RO          976    i.asin              m_ws.l(asin.o)
    0x08009c68   0x00000220   Code   RO         1318    i.atan              m_ws.l(atan.o)
    0x08009e88   0x00000180   Code   RO          986    i.atan2             m_ws.l(atan2.o)
    0x0800a008   0x000009d8   Code   RO          994    i.pow               m_ws.l(pow.o)
    0x0800a9e0   0x00000094   Code   RO         1003    i.round             m_ws.l(round.o)
    0x0800aa74   0x0000004c   Code   RO         1347    i.sqrt              m_ws.l(sqrt.o)
    0x0800aac0   0x000001bc   Data   RO          689    .constdata          sx1276-lora.o
    0x0800ac7c   0x00000050   Data   RO          823    .constdata          inv_mpu.o
    0x0800accc   0x00000bf6   Data   RO          854    .constdata          inv_mpu_dmp_motion_driver.o
    0x0800b8c2   0x00000006   PAD
    0x0800b8c8   0x00000050   Data   RO          977    .constdata          m_ws.l(asin.o)
    0x0800b918   0x00000088   Data   RO          995    .constdata          m_ws.l(pow.o)
    0x0800b9a0   0x00000098   Data   RO         1319    .constdata          m_ws.l(atan.o)
    0x0800ba38   0x00000008   Data   RO         1345    .constdata          m_ws.l(qnan.o)
    0x0800ba40   0x0000004d   Data   RO          824    .conststring        inv_mpu.o
    0x0800ba8d   0x00000003   PAD
    0x0800ba90   0x00000020   Data   RO         1402    Region$$Table       anon$$obj.o


    Execution Region RW_IRAM1 (Base: 0x20000000, Size: 0x000008c0, Max: 0x00005000, ABSOLUTE, COMPRESSED[0x00000064])

    Base Addr    Size         Type   Attr      Idx    E Section Name        Object

    0x20000000   0x00000014   Data   RW           25    .data               system_stm32f10x.o
    0x20000014   0x00000014   Data   RW          312    .data               stm32f10x_rcc.o
    0x20000028   0x00000044   Data   RW          404    .data               main.o
    0x2000006c   0x00000002   Data   RW          617    .data               sx1276.o
    0x2000006e   0x00000002   PAD
    0x20000070   0x0000005a   Data   RW          650    .data               sx1276-fsk.o
    0x200000ca   0x00000006   PAD
    0x200000d0   0x00000040   Data   RW          690    .data               sx1276-lora.o
    0x20000110   0x00000004   Data   RW          754    .data               sx12xxeiger.o
    0x20000114   0x00000035   Data   RW          825    .data               inv_mpu.o
    0x20000149   0x00000001   Data   RW          898    .data               key.o
    0x2000014a   0x00000004   Data   RW          911    .data               delay.o
    0x2000014e   0x00000002   PAD
    0x20000150   0x00000006   Data   RW          942    .data               usart.o
    0x20000156   0x00000002   PAD
    0x20000158   0x00000004   Data   RW         1381    .data               mc_w.l(errno.o)
    0x2000015c   0x00000018   Zero   RW          548    .bss                radio.o
    0x20000174   0x00000070   Zero   RW          616    .bss                sx1276.o
    0x200001e4   0x00000100   Zero   RW          649    .bss                sx1276-fsk.o
    0x200002e4   0x00000100   Zero   RW          688    .bss                sx1276-lora.o
    0x200003e4   0x00000010   Zero   RW          853    .bss                inv_mpu_dmp_motion_driver.o
    0x200003f4   0x000000c8   Zero   RW          941    .bss                usart.o
    0x200004bc   0x00000004   PAD
    0x200004c0   0x00000400   Zero   RW            1    STACK               startup_stm32f10x_md.o


==============================================================================

Image component sizes


      Code (inc. data)   RO Data    RW Data    ZI Data      Debug   Object Name

       232          8          0          0          0       1127   adc.o
         0          0          0          0          0      15115   bsp_systick.o
       548         62          0          0          0       2450   bsp_usart.o
         0          0          0          0          0       4508   core_cm3.o
       212         18          0          4          0       1123   delay.o
      8840        198        157         53          0      24101   inv_mpu.o
      3440        126       3062          0         16      15535   inv_mpu_dmp_motion_driver.o
       164         10          0          1          0        804   key.o
       940        136          0         68          0       4516   main.o
       220         22          0          0          0       1877   misc.o
       108         12          0          0          0        872   motor.o
       872         18          0          0          0       4419   mpu6050.o
       588         14          0          0          0       2066   mpuiic.o
        60         30          0          0         24       1216   radio.o
       212         12          0          0          0        887   spi.o
        36          8        236          0       1024        884   startup_stm32f10x_md.o
      1102         26          0          0          0      11113   stm32f10x_adc.o
      1468         34          0          0          0       8278   stm32f10x_flash.o
       860         38          0          0          0       5805   stm32f10x_gpio.o
        84         12          0          0          0       1720   stm32f10x_it.o
        64          6          0          0          0       1313   stm32f10x_iwdg.o
       932         36          0         20          0       9012   stm32f10x_rcc.o
       780         14          0          0          0       6690   stm32f10x_spi.o
      1032         22          0          0          0       8532   stm32f10x_usart.o
      2484        182          0         90        256      33793   sx1276-fsk.o
      2584         48          0          0          0       7779   sx1276-fskmisc.o
       608         10          0          0          0       4991   sx1276-hal.o
      2552        326        444         64        256      20211   sx1276-lora.o
      1824         20          0          0          0       7948   sx1276-loramisc.o
       652         42          0          2        112      32293   sx1276.o
       156         16          0          4          0       1954   sx12xxeiger.o
       320         10          0          0          0       1968   sys_config.o
       480         38          0         20          0     251191   system_stm32f10x.o
       320         16          0          6        200       3314   usart.o
        44          0          0          0          0        686   wdg.o

    ----------------------------------------------------------------------
     34820       1570       3940        344       1892     500091   Object Totals
         0          0         32          0          0          0   (incl. Generated)
         2          0          9         12          4          0   (incl. Padding)

    ----------------------------------------------------------------------

      Code (inc. data)   RO Data    RW Data    ZI Data      Debug   Library Member Name

       624         52         80          0          0        168   asin.o
       544         70        152          0          0        124   atan.o
       384         38          0          0          0        144   atan2.o
        68         10          0          0          0        408   dunder.o
        40          0          0          0          0         68   fpclassify.o
       170          0          0          0          0         96   poly.o
      2520        190        136          0          0        324   pow.o
         0          0          8          0          0          0   qnan.o
       148         12          0          0          0         88   round.o
        76          0          0          0          0         84   sqrt.o
        86          0          0          0          0          0   __dczerorl2.o
         0          0          0          0          0          0   entry.o
         0          0          0          0          0          0   entry10a.o
         0          0          0          0          0          0   entry11a.o
         8          4          0          0          0          0   entry2.o
         4          0          0          0          0          0   entry5.o
         0          0          0          0          0          0   entry7b.o
         0          0          0          0          0          0   entry8b.o
         8          4          0          0          0          0   entry9a.o
        12          6          0          4          0         68   errno.o
        30          0          0          0          0          0   handlers.o
        36          8          0          0          0         68   init.o
         0          0          0          0          0          0   iusefp.o
        98          0          0          0          0         84   ldiv.o
        30          0          0          0          0         68   llshl.o
        36          0          0          0          0         68   llsshr.o
        32          0          0          0          0         68   llushr.o
        26          0          0          0          0         80   memcmp.o
        36          0          0          0          0         68   memcpya.o
        36          0          0          0          0        108   memseta.o
      1154         54          0          0          0        352   printf8.o
        98          0          0          0          0         92   uldiv.o
        48          0          0          0          0         68   cdcmple.o
        48          0          0          0          0         68   cdrcmple.o
        20          0          0          0          0         68   cfcmple.o
        20          0          0          0          0         68   cfrcmple.o
        56          0          0          0          0         88   d2f.o
       334          0          0          0          0        148   dadd.o
       222          0          0          0          0        100   ddiv.o
       186          0          0          0          0        176   depilogue.o
        62          0          0          0          0         80   dfixi.o
        50          0          0          0          0         76   dfixui.o
        34          0          0          0          0         76   dflti.o
        26          0          0          0          0         76   dfltui.o
       228          0          0          0          0         96   dmul.o
       136          4          0          0          0         92   drnd.o
        46          0          0          0          0         80   dscalb.o
       162          0          0          0          0        100   dsqrt.o
        38          0          0          0          0         68   f2d.o
       176          0          0          0          0        140   fadd.o
       124          0          0          0          0         88   fdiv.o
       110          0          0          0          0        168   fepilogue.o
        50          0          0          0          0         68   ffixi.o
        40          0          0          0          0         68   ffixui.o
        18          0          0          0          0         68   fflti.o
        10          0          0          0          0         68   ffltui.o
       100          0          0          0          0         76   fmul.o

    ----------------------------------------------------------------------
      8656        452        376          4          0       4900   Library Totals
         8          0          0          0          0          0   (incl. Padding)

    ----------------------------------------------------------------------

      Code (inc. data)   RO Data    RW Data    ZI Data      Debug   Library Name

      4574        372        376          0          0       1504   m_ws.l
      1730         76          0          4          0       1124   mc_w.l
      2344          4          0          0          0       2272   mf_w.l

    ----------------------------------------------------------------------
      8656        452        376          4          0       4900   Library Totals

    ----------------------------------------------------------------------

==============================================================================


      Code (inc. data)   RO Data    RW Data    ZI Data      Debug   

     43476       2022       4316        348       1892     499295   Grand Totals
     43476       2022       4316        100       1892     499295   ELF Image Totals (compressed)
     43476       2022       4316        100          0          0   ROM Totals

==============================================================================

    Total RO  Size (Code + RO Data)                47792 (  46.67kB)
    Total RW  Size (RW Data + ZI Data)              2240 (   2.19kB)
    Total ROM Size (Code + RO Data + RW Data)      47892 (  46.77kB)

==============================================================================

